------------------------------------------------------------
Timing Analyzer Summary
------------------------------------------------------------

Type  : Setup 'divisorLeds:divisor|d_ff:dff_15|Q'
Slack : -1.206
TNS   : -5.408

Type  : Setup 'divisorLeds:divisor|d_ff:dff_0|Q'
Slack : 0.466
TNS   : 0.000

Type  : Setup 'divisorLeds:divisor|d_ff:dff_12|Q'
Slack : 0.466
TNS   : 0.000

Type  : Setup 'divisorLeds:divisor|d_ff:dff_9|Q'
Slack : 0.466
TNS   : 0.000

Type  : Setup 'divisorLeds:divisor|d_ff:dff_14|Q'
Slack : 0.467
TNS   : 0.000

Type  : Setup 'divisorLeds:divisor|d_ff:dff_2|Q'
Slack : 0.467
TNS   : 0.000

Type  : Setup 'divisorLeds:divisor|d_ff:dff_4|Q'
Slack : 0.467
TNS   : 0.000

Type  : Setup 'divisorLeds:divisor|d_ff:dff_6|Q'
Slack : 0.467
TNS   : 0.000

Type  : Setup 'divisorLeds:divisor|d_ff:dff_5|Q'
Slack : 0.807
TNS   : 0.000

Type  : Setup 'divisorLeds:divisor|d_ff:dff_13|Q'
Slack : 0.825
TNS   : 0.000

Type  : Setup 'divisorLeds:divisor|d_ff:dff_7|Q'
Slack : 0.826
TNS   : 0.000

Type  : Setup 'divisorLeds:divisor|d_ff:dff_3|Q'
Slack : 0.828
TNS   : 0.000

Type  : Setup 'divisorLeds:divisor|d_ff:dff_1|Q'
Slack : 0.833
TNS   : 0.000

Type  : Setup 'divisorLeds:divisor|d_ff:dff_10|Q'
Slack : 0.965
TNS   : 0.000

Type  : Setup 'divisorLeds:divisor|d_ff:dff_11|Q'
Slack : 1.227
TNS   : 0.000

Type  : Setup 'divisorLeds:divisor|d_ff:dff_8|Q'
Slack : 1.269
TNS   : 0.000

Type  : Setup 'clk'
Slack : 2.963
TNS   : 0.000

Type  : Hold 'clk'
Slack : -3.017
TNS   : -3.017

Type  : Hold 'divisorLeds:divisor|d_ff:dff_8|Q'
Slack : -1.323
TNS   : -1.323

Type  : Hold 'divisorLeds:divisor|d_ff:dff_11|Q'
Slack : -1.281
TNS   : -1.281

Type  : Hold 'divisorLeds:divisor|d_ff:dff_10|Q'
Slack : -1.019
TNS   : -1.019

Type  : Hold 'divisorLeds:divisor|d_ff:dff_1|Q'
Slack : -0.887
TNS   : -0.887

Type  : Hold 'divisorLeds:divisor|d_ff:dff_3|Q'
Slack : -0.882
TNS   : -0.882

Type  : Hold 'divisorLeds:divisor|d_ff:dff_7|Q'
Slack : -0.880
TNS   : -0.880

Type  : Hold 'divisorLeds:divisor|d_ff:dff_13|Q'
Slack : -0.879
TNS   : -0.879

Type  : Hold 'divisorLeds:divisor|d_ff:dff_5|Q'
Slack : -0.861
TNS   : -0.861

Type  : Hold 'divisorLeds:divisor|d_ff:dff_14|Q'
Slack : -0.521
TNS   : -0.521

Type  : Hold 'divisorLeds:divisor|d_ff:dff_2|Q'
Slack : -0.521
TNS   : -0.521

Type  : Hold 'divisorLeds:divisor|d_ff:dff_4|Q'
Slack : -0.521
TNS   : -0.521

Type  : Hold 'divisorLeds:divisor|d_ff:dff_6|Q'
Slack : -0.521
TNS   : -0.521

Type  : Hold 'divisorLeds:divisor|d_ff:dff_0|Q'
Slack : -0.520
TNS   : -0.520

Type  : Hold 'divisorLeds:divisor|d_ff:dff_12|Q'
Slack : -0.520
TNS   : -0.520

Type  : Hold 'divisorLeds:divisor|d_ff:dff_9|Q'
Slack : -0.520
TNS   : -0.520

Type  : Hold 'divisorLeds:divisor|d_ff:dff_15|Q'
Slack : 1.427
TNS   : 0.000

Type  : Minimum Pulse Width 'clk'
Slack : -2.289
TNS   : -2.289

Type  : Minimum Pulse Width 'divisorLeds:divisor|d_ff:dff_0|Q'
Slack : 0.234
TNS   : 0.000

Type  : Minimum Pulse Width 'divisorLeds:divisor|d_ff:dff_10|Q'
Slack : 0.234
TNS   : 0.000

Type  : Minimum Pulse Width 'divisorLeds:divisor|d_ff:dff_11|Q'
Slack : 0.234
TNS   : 0.000

Type  : Minimum Pulse Width 'divisorLeds:divisor|d_ff:dff_12|Q'
Slack : 0.234
TNS   : 0.000

Type  : Minimum Pulse Width 'divisorLeds:divisor|d_ff:dff_13|Q'
Slack : 0.234
TNS   : 0.000

Type  : Minimum Pulse Width 'divisorLeds:divisor|d_ff:dff_14|Q'
Slack : 0.234
TNS   : 0.000

Type  : Minimum Pulse Width 'divisorLeds:divisor|d_ff:dff_15|Q'
Slack : 0.234
TNS   : 0.000

Type  : Minimum Pulse Width 'divisorLeds:divisor|d_ff:dff_1|Q'
Slack : 0.234
TNS   : 0.000

Type  : Minimum Pulse Width 'divisorLeds:divisor|d_ff:dff_2|Q'
Slack : 0.234
TNS   : 0.000

Type  : Minimum Pulse Width 'divisorLeds:divisor|d_ff:dff_3|Q'
Slack : 0.234
TNS   : 0.000

Type  : Minimum Pulse Width 'divisorLeds:divisor|d_ff:dff_4|Q'
Slack : 0.234
TNS   : 0.000

Type  : Minimum Pulse Width 'divisorLeds:divisor|d_ff:dff_5|Q'
Slack : 0.234
TNS   : 0.000

Type  : Minimum Pulse Width 'divisorLeds:divisor|d_ff:dff_6|Q'
Slack : 0.234
TNS   : 0.000

Type  : Minimum Pulse Width 'divisorLeds:divisor|d_ff:dff_7|Q'
Slack : 0.234
TNS   : 0.000

Type  : Minimum Pulse Width 'divisorLeds:divisor|d_ff:dff_8|Q'
Slack : 0.234
TNS   : 0.000

Type  : Minimum Pulse Width 'divisorLeds:divisor|d_ff:dff_9|Q'
Slack : 0.234
TNS   : 0.000

------------------------------------------------------------
