Timing Analyzer report for SistemaDeIrrigacao
Thu Jun  6 11:42:39 2024
Quartus Prime Version 20.1.1 Build 720 11/11/2020 SJ Lite Edition


---------------------
; Table of Contents ;
---------------------
  1. Legal Notice
  2. Timing Analyzer Summary
  3. Parallel Compilation
  4. Clocks
  5. Fmax Summary
  6. Setup Summary
  7. Hold Summary
  8. Recovery Summary
  9. Removal Summary
 10. Minimum Pulse Width Summary
 11. Setup: 'divisorLeds:divisor|d_ff:dff_15|Q'
 12. Setup: 'divisorLeds:divisor|d_ff:dff_0|Q'
 13. Setup: 'divisorLeds:divisor|d_ff:dff_12|Q'
 14. Setup: 'divisorLeds:divisor|d_ff:dff_9|Q'
 15. Setup: 'divisorLeds:divisor|d_ff:dff_14|Q'
 16. Setup: 'divisorLeds:divisor|d_ff:dff_2|Q'
 17. Setup: 'divisorLeds:divisor|d_ff:dff_4|Q'
 18. Setup: 'divisorLeds:divisor|d_ff:dff_6|Q'
 19. Setup: 'divisorLeds:divisor|d_ff:dff_5|Q'
 20. Setup: 'divisorLeds:divisor|d_ff:dff_13|Q'
 21. Setup: 'divisorLeds:divisor|d_ff:dff_7|Q'
 22. Setup: 'divisorLeds:divisor|d_ff:dff_3|Q'
 23. Setup: 'divisorLeds:divisor|d_ff:dff_1|Q'
 24. Setup: 'divisorLeds:divisor|d_ff:dff_10|Q'
 25. Setup: 'divisorLeds:divisor|d_ff:dff_11|Q'
 26. Setup: 'divisorLeds:divisor|d_ff:dff_8|Q'
 27. Setup: 'clk'
 28. Hold: 'clk'
 29. Hold: 'divisorLeds:divisor|d_ff:dff_8|Q'
 30. Hold: 'divisorLeds:divisor|d_ff:dff_11|Q'
 31. Hold: 'divisorLeds:divisor|d_ff:dff_10|Q'
 32. Hold: 'divisorLeds:divisor|d_ff:dff_1|Q'
 33. Hold: 'divisorLeds:divisor|d_ff:dff_3|Q'
 34. Hold: 'divisorLeds:divisor|d_ff:dff_7|Q'
 35. Hold: 'divisorLeds:divisor|d_ff:dff_13|Q'
 36. Hold: 'divisorLeds:divisor|d_ff:dff_5|Q'
 37. Hold: 'divisorLeds:divisor|d_ff:dff_14|Q'
 38. Hold: 'divisorLeds:divisor|d_ff:dff_2|Q'
 39. Hold: 'divisorLeds:divisor|d_ff:dff_4|Q'
 40. Hold: 'divisorLeds:divisor|d_ff:dff_6|Q'
 41. Hold: 'divisorLeds:divisor|d_ff:dff_0|Q'
 42. Hold: 'divisorLeds:divisor|d_ff:dff_12|Q'
 43. Hold: 'divisorLeds:divisor|d_ff:dff_9|Q'
 44. Hold: 'divisorLeds:divisor|d_ff:dff_15|Q'
 45. Setup Transfers
 46. Hold Transfers
 47. Report TCCS
 48. Report RSKM
 49. Unconstrained Paths Summary
 50. Clock Status Summary
 51. Unconstrained Input Ports
 52. Unconstrained Output Ports
 53. Unconstrained Input Ports
 54. Unconstrained Output Ports
 55. Timing Analyzer Messages



----------------
; Legal Notice ;
----------------
Copyright (C) 2020  Intel Corporation. All rights reserved.
Your use of Intel Corporation's design tools, logic functions 
and other software and tools, and any partner logic 
functions, and any output files from any of the foregoing 
(including device programming or simulation files), and any 
associated documentation or information are expressly subject 
to the terms and conditions of the Intel Program License 
Subscription Agreement, the Intel Quartus Prime License Agreement,
the Intel FPGA IP License Agreement, or other applicable license
agreement, including, without limitation, that your use is for
the sole purpose of programming logic devices manufactured by
Intel and sold by Intel or its authorized distributors.  Please
refer to the applicable agreement for further details, at
https://fpgasoftware.intel.com/eula.



+-----------------------------------------------------------------------------+
; Timing Analyzer Summary                                                     ;
+-----------------------+-----------------------------------------------------+
; Quartus Prime Version ; Version 20.1.1 Build 720 11/11/2020 SJ Lite Edition ;
; Timing Analyzer       ; Legacy Timing Analyzer                              ;
; Revision Name         ; SistemaDeIrrigacao                                  ;
; Device Family         ; MAX II                                              ;
; Device Name           ; EPM240T100C5                                        ;
; Timing Models         ; Final                                               ;
; Delay Model           ; Slow Model                                          ;
; Rise/Fall Delays      ; Unavailable                                         ;
+-----------------------+-----------------------------------------------------+


+------------------------------------------+
; Parallel Compilation                     ;
+----------------------------+-------------+
; Processors                 ; Number      ;
+----------------------------+-------------+
; Number detected on machine ; 6           ;
; Maximum allowed            ; 6           ;
;                            ;             ;
; Average used               ; 1.00        ;
; Maximum used               ; 6           ;
;                            ;             ;
; Usage by Processor         ; % Time Used ;
;     Processor 1            ; 100.0%      ;
;     Processor 2            ;   0.0%      ;
;     Processors 3-6         ;   0.0%      ;
+----------------------------+-------------+


+--------------------------------------------------------------------------------------------------------------------------------------------------------------------------------------------------------------------------------------+
; Clocks                                                                                                                                                                                                                               ;
+-----------------------------------+------+--------+------------+-------+-------+------------+-----------+-------------+-------+--------+-----------+------------+----------+--------+--------+---------------------------------------+
; Clock Name                        ; Type ; Period ; Frequency  ; Rise  ; Fall  ; Duty Cycle ; Divide by ; Multiply by ; Phase ; Offset ; Edge List ; Edge Shift ; Inverted ; Master ; Source ; Targets                               ;
+-----------------------------------+------+--------+------------+-------+-------+------------+-----------+-------------+-------+--------+-----------+------------+----------+--------+--------+---------------------------------------+
; clk                               ; Base ; 1.000  ; 1000.0 MHz ; 0.000 ; 0.500 ;            ;           ;             ;       ;        ;           ;            ;          ;        ;        ; { clk }                               ;
; divisorLeds:divisor|d_ff:dff_0|Q  ; Base ; 1.000  ; 1000.0 MHz ; 0.000 ; 0.500 ;            ;           ;             ;       ;        ;           ;            ;          ;        ;        ; { divisorLeds:divisor|d_ff:dff_0|Q }  ;
; divisorLeds:divisor|d_ff:dff_1|Q  ; Base ; 1.000  ; 1000.0 MHz ; 0.000 ; 0.500 ;            ;           ;             ;       ;        ;           ;            ;          ;        ;        ; { divisorLeds:divisor|d_ff:dff_1|Q }  ;
; divisorLeds:divisor|d_ff:dff_2|Q  ; Base ; 1.000  ; 1000.0 MHz ; 0.000 ; 0.500 ;            ;           ;             ;       ;        ;           ;            ;          ;        ;        ; { divisorLeds:divisor|d_ff:dff_2|Q }  ;
; divisorLeds:divisor|d_ff:dff_3|Q  ; Base ; 1.000  ; 1000.0 MHz ; 0.000 ; 0.500 ;            ;           ;             ;       ;        ;           ;            ;          ;        ;        ; { divisorLeds:divisor|d_ff:dff_3|Q }  ;
; divisorLeds:divisor|d_ff:dff_4|Q  ; Base ; 1.000  ; 1000.0 MHz ; 0.000 ; 0.500 ;            ;           ;             ;       ;        ;           ;            ;          ;        ;        ; { divisorLeds:divisor|d_ff:dff_4|Q }  ;
; divisorLeds:divisor|d_ff:dff_5|Q  ; Base ; 1.000  ; 1000.0 MHz ; 0.000 ; 0.500 ;            ;           ;             ;       ;        ;           ;            ;          ;        ;        ; { divisorLeds:divisor|d_ff:dff_5|Q }  ;
; divisorLeds:divisor|d_ff:dff_6|Q  ; Base ; 1.000  ; 1000.0 MHz ; 0.000 ; 0.500 ;            ;           ;             ;       ;        ;           ;            ;          ;        ;        ; { divisorLeds:divisor|d_ff:dff_6|Q }  ;
; divisorLeds:divisor|d_ff:dff_7|Q  ; Base ; 1.000  ; 1000.0 MHz ; 0.000 ; 0.500 ;            ;           ;             ;       ;        ;           ;            ;          ;        ;        ; { divisorLeds:divisor|d_ff:dff_7|Q }  ;
; divisorLeds:divisor|d_ff:dff_8|Q  ; Base ; 1.000  ; 1000.0 MHz ; 0.000 ; 0.500 ;            ;           ;             ;       ;        ;           ;            ;          ;        ;        ; { divisorLeds:divisor|d_ff:dff_8|Q }  ;
; divisorLeds:divisor|d_ff:dff_9|Q  ; Base ; 1.000  ; 1000.0 MHz ; 0.000 ; 0.500 ;            ;           ;             ;       ;        ;           ;            ;          ;        ;        ; { divisorLeds:divisor|d_ff:dff_9|Q }  ;
; divisorLeds:divisor|d_ff:dff_10|Q ; Base ; 1.000  ; 1000.0 MHz ; 0.000 ; 0.500 ;            ;           ;             ;       ;        ;           ;            ;          ;        ;        ; { divisorLeds:divisor|d_ff:dff_10|Q } ;
; divisorLeds:divisor|d_ff:dff_11|Q ; Base ; 1.000  ; 1000.0 MHz ; 0.000 ; 0.500 ;            ;           ;             ;       ;        ;           ;            ;          ;        ;        ; { divisorLeds:divisor|d_ff:dff_11|Q } ;
; divisorLeds:divisor|d_ff:dff_12|Q ; Base ; 1.000  ; 1000.0 MHz ; 0.000 ; 0.500 ;            ;           ;             ;       ;        ;           ;            ;          ;        ;        ; { divisorLeds:divisor|d_ff:dff_12|Q } ;
; divisorLeds:divisor|d_ff:dff_13|Q ; Base ; 1.000  ; 1000.0 MHz ; 0.000 ; 0.500 ;            ;           ;             ;       ;        ;           ;            ;          ;        ;        ; { divisorLeds:divisor|d_ff:dff_13|Q } ;
; divisorLeds:divisor|d_ff:dff_14|Q ; Base ; 1.000  ; 1000.0 MHz ; 0.000 ; 0.500 ;            ;           ;             ;       ;        ;           ;            ;          ;        ;        ; { divisorLeds:divisor|d_ff:dff_14|Q } ;
; divisorLeds:divisor|d_ff:dff_15|Q ; Base ; 1.000  ; 1000.0 MHz ; 0.000 ; 0.500 ;            ;           ;             ;       ;        ;           ;            ;          ;        ;        ; { divisorLeds:divisor|d_ff:dff_15|Q } ;
+-----------------------------------+------+--------+------------+-------+-------+------------+-----------+-------------+-------+--------+-----------+------------+----------+--------+--------+---------------------------------------+


+-------------------------------------------------------------------------+
; Fmax Summary                                                            ;
+------------+-----------------+-----------------------------------+------+
; Fmax       ; Restricted Fmax ; Clock Name                        ; Note ;
+------------+-----------------+-----------------------------------+------+
; 453.31 MHz ; 453.31 MHz      ; divisorLeds:divisor|d_ff:dff_15|Q ;      ;
+------------+-----------------+-----------------------------------+------+
This panel reports FMAX for every clock in the design, regardless of the user-specified clock periods.  FMAX is only computed for paths where the source and destination registers or ports are driven by the same clock.  Paths of different clocks, including generated clocks, are ignored.  For paths between a clock and its inversion, FMAX is computed as if the rising and falling edges are scaled along with FMAX, such that the duty cycle (in terms of a percentage) is maintained. Altera recommends that you always use clock constraints and other slack reports for sign-off analysis.


+------------------------------------------------------------+
; Setup Summary                                              ;
+-----------------------------------+--------+---------------+
; Clock                             ; Slack  ; End Point TNS ;
+-----------------------------------+--------+---------------+
; divisorLeds:divisor|d_ff:dff_15|Q ; -1.206 ; -5.408        ;
; divisorLeds:divisor|d_ff:dff_0|Q  ; 0.466  ; 0.000         ;
; divisorLeds:divisor|d_ff:dff_12|Q ; 0.466  ; 0.000         ;
; divisorLeds:divisor|d_ff:dff_9|Q  ; 0.466  ; 0.000         ;
; divisorLeds:divisor|d_ff:dff_14|Q ; 0.467  ; 0.000         ;
; divisorLeds:divisor|d_ff:dff_2|Q  ; 0.467  ; 0.000         ;
; divisorLeds:divisor|d_ff:dff_4|Q  ; 0.467  ; 0.000         ;
; divisorLeds:divisor|d_ff:dff_6|Q  ; 0.467  ; 0.000         ;
; divisorLeds:divisor|d_ff:dff_5|Q  ; 0.807  ; 0.000         ;
; divisorLeds:divisor|d_ff:dff_13|Q ; 0.825  ; 0.000         ;
; divisorLeds:divisor|d_ff:dff_7|Q  ; 0.826  ; 0.000         ;
; divisorLeds:divisor|d_ff:dff_3|Q  ; 0.828  ; 0.000         ;
; divisorLeds:divisor|d_ff:dff_1|Q  ; 0.833  ; 0.000         ;
; divisorLeds:divisor|d_ff:dff_10|Q ; 0.965  ; 0.000         ;
; divisorLeds:divisor|d_ff:dff_11|Q ; 1.227  ; 0.000         ;
; divisorLeds:divisor|d_ff:dff_8|Q  ; 1.269  ; 0.000         ;
; clk                               ; 2.963  ; 0.000         ;
+-----------------------------------+--------+---------------+


+------------------------------------------------------------+
; Hold Summary                                               ;
+-----------------------------------+--------+---------------+
; Clock                             ; Slack  ; End Point TNS ;
+-----------------------------------+--------+---------------+
; clk                               ; -3.017 ; -3.017        ;
; divisorLeds:divisor|d_ff:dff_8|Q  ; -1.323 ; -1.323        ;
; divisorLeds:divisor|d_ff:dff_11|Q ; -1.281 ; -1.281        ;
; divisorLeds:divisor|d_ff:dff_10|Q ; -1.019 ; -1.019        ;
; divisorLeds:divisor|d_ff:dff_1|Q  ; -0.887 ; -0.887        ;
; divisorLeds:divisor|d_ff:dff_3|Q  ; -0.882 ; -0.882        ;
; divisorLeds:divisor|d_ff:dff_7|Q  ; -0.880 ; -0.880        ;
; divisorLeds:divisor|d_ff:dff_13|Q ; -0.879 ; -0.879        ;
; divisorLeds:divisor|d_ff:dff_5|Q  ; -0.861 ; -0.861        ;
; divisorLeds:divisor|d_ff:dff_14|Q ; -0.521 ; -0.521        ;
; divisorLeds:divisor|d_ff:dff_2|Q  ; -0.521 ; -0.521        ;
; divisorLeds:divisor|d_ff:dff_4|Q  ; -0.521 ; -0.521        ;
; divisorLeds:divisor|d_ff:dff_6|Q  ; -0.521 ; -0.521        ;
; divisorLeds:divisor|d_ff:dff_0|Q  ; -0.520 ; -0.520        ;
; divisorLeds:divisor|d_ff:dff_12|Q ; -0.520 ; -0.520        ;
; divisorLeds:divisor|d_ff:dff_9|Q  ; -0.520 ; -0.520        ;
; divisorLeds:divisor|d_ff:dff_15|Q ; 1.427  ; 0.000         ;
+-----------------------------------+--------+---------------+


--------------------
; Recovery Summary ;
--------------------
No paths to report.


-------------------
; Removal Summary ;
-------------------
No paths to report.


+------------------------------------------------------------+
; Minimum Pulse Width Summary                                ;
+-----------------------------------+--------+---------------+
; Clock                             ; Slack  ; End Point TNS ;
+-----------------------------------+--------+---------------+
; clk                               ; -2.289 ; -2.289        ;
; divisorLeds:divisor|d_ff:dff_0|Q  ; 0.234  ; 0.000         ;
; divisorLeds:divisor|d_ff:dff_10|Q ; 0.234  ; 0.000         ;
; divisorLeds:divisor|d_ff:dff_11|Q ; 0.234  ; 0.000         ;
; divisorLeds:divisor|d_ff:dff_12|Q ; 0.234  ; 0.000         ;
; divisorLeds:divisor|d_ff:dff_13|Q ; 0.234  ; 0.000         ;
; divisorLeds:divisor|d_ff:dff_14|Q ; 0.234  ; 0.000         ;
; divisorLeds:divisor|d_ff:dff_15|Q ; 0.234  ; 0.000         ;
; divisorLeds:divisor|d_ff:dff_1|Q  ; 0.234  ; 0.000         ;
; divisorLeds:divisor|d_ff:dff_2|Q  ; 0.234  ; 0.000         ;
; divisorLeds:divisor|d_ff:dff_3|Q  ; 0.234  ; 0.000         ;
; divisorLeds:divisor|d_ff:dff_4|Q  ; 0.234  ; 0.000         ;
; divisorLeds:divisor|d_ff:dff_5|Q  ; 0.234  ; 0.000         ;
; divisorLeds:divisor|d_ff:dff_6|Q  ; 0.234  ; 0.000         ;
; divisorLeds:divisor|d_ff:dff_7|Q  ; 0.234  ; 0.000         ;
; divisorLeds:divisor|d_ff:dff_8|Q  ; 0.234  ; 0.000         ;
; divisorLeds:divisor|d_ff:dff_9|Q  ; 0.234  ; 0.000         ;
+-----------------------------------+--------+---------------+


+---------------------------------------------------------------------------------------------------------------------------------------------------------------------------------------------------------+
; Setup: 'divisorLeds:divisor|d_ff:dff_15|Q'                                                                                                                                                              ;
+--------+---------------------------------------+---------------------------------------+-----------------------------------+-----------------------------------+--------------+------------+------------+
; Slack  ; From Node                             ; To Node                               ; Launch Clock                      ; Latch Clock                       ; Relationship ; Clock Skew ; Data Delay ;
+--------+---------------------------------------+---------------------------------------+-----------------------------------+-----------------------------------+--------------+------------+------------+
; -1.206 ; deslocamento_coluna_leds:dc|coluna[4] ; deslocamento_coluna_leds:dc|coluna[0] ; divisorLeds:divisor|d_ff:dff_15|Q ; divisorLeds:divisor|d_ff:dff_15|Q ; 1.000        ; 0.000      ; 1.873      ;
; -1.194 ; deslocamento_coluna_leds:dc|coluna[0] ; deslocamento_coluna_leds:dc|coluna[1] ; divisorLeds:divisor|d_ff:dff_15|Q ; divisorLeds:divisor|d_ff:dff_15|Q ; 1.000        ; 0.000      ; 1.861      ;
; -1.018 ; deslocamento_coluna_leds:dc|coluna[2] ; deslocamento_coluna_leds:dc|coluna[3] ; divisorLeds:divisor|d_ff:dff_15|Q ; divisorLeds:divisor|d_ff:dff_15|Q ; 1.000        ; 0.000      ; 1.685      ;
; -1.009 ; deslocamento_coluna_leds:dc|coluna[1] ; deslocamento_coluna_leds:dc|coluna[2] ; divisorLeds:divisor|d_ff:dff_15|Q ; divisorLeds:divisor|d_ff:dff_15|Q ; 1.000        ; 0.000      ; 1.676      ;
; -0.981 ; deslocamento_coluna_leds:dc|coluna[3] ; deslocamento_coluna_leds:dc|coluna[4] ; divisorLeds:divisor|d_ff:dff_15|Q ; divisorLeds:divisor|d_ff:dff_15|Q ; 1.000        ; 0.000      ; 1.648      ;
+--------+---------------------------------------+---------------------------------------+-----------------------------------+-----------------------------------+--------------+------------+------------+


+--------------------------------------------------------------------------------------------------------------------------------------------------------------------------------------------+
; Setup: 'divisorLeds:divisor|d_ff:dff_0|Q'                                                                                                                                                  ;
+-------+----------------------------------+----------------------------------+----------------------------------+----------------------------------+--------------+------------+------------+
; Slack ; From Node                        ; To Node                          ; Launch Clock                     ; Latch Clock                      ; Relationship ; Clock Skew ; Data Delay ;
+-------+----------------------------------+----------------------------------+----------------------------------+----------------------------------+--------------+------------+------------+
; 0.466 ; divisorLeds:divisor|d_ff:dff_1|Q ; divisorLeds:divisor|d_ff:dff_1|Q ; divisorLeds:divisor|d_ff:dff_1|Q ; divisorLeds:divisor|d_ff:dff_0|Q ; 0.500        ; 1.784      ; 1.861      ;
; 0.966 ; divisorLeds:divisor|d_ff:dff_1|Q ; divisorLeds:divisor|d_ff:dff_1|Q ; divisorLeds:divisor|d_ff:dff_1|Q ; divisorLeds:divisor|d_ff:dff_0|Q ; 1.000        ; 1.784      ; 1.861      ;
+-------+----------------------------------+----------------------------------+----------------------------------+----------------------------------+--------------+------------+------------+


+------------------------------------------------------------------------------------------------------------------------------------------------------------------------------------------------+
; Setup: 'divisorLeds:divisor|d_ff:dff_12|Q'                                                                                                                                                     ;
+-------+-----------------------------------+-----------------------------------+-----------------------------------+-----------------------------------+--------------+------------+------------+
; Slack ; From Node                         ; To Node                           ; Launch Clock                      ; Latch Clock                       ; Relationship ; Clock Skew ; Data Delay ;
+-------+-----------------------------------+-----------------------------------+-----------------------------------+-----------------------------------+--------------+------------+------------+
; 0.466 ; divisorLeds:divisor|d_ff:dff_13|Q ; divisorLeds:divisor|d_ff:dff_13|Q ; divisorLeds:divisor|d_ff:dff_13|Q ; divisorLeds:divisor|d_ff:dff_12|Q ; 0.500        ; 1.784      ; 1.861      ;
; 0.966 ; divisorLeds:divisor|d_ff:dff_13|Q ; divisorLeds:divisor|d_ff:dff_13|Q ; divisorLeds:divisor|d_ff:dff_13|Q ; divisorLeds:divisor|d_ff:dff_12|Q ; 1.000        ; 1.784      ; 1.861      ;
+-------+-----------------------------------+-----------------------------------+-----------------------------------+-----------------------------------+--------------+------------+------------+


+-----------------------------------------------------------------------------------------------------------------------------------------------------------------------------------------------+
; Setup: 'divisorLeds:divisor|d_ff:dff_9|Q'                                                                                                                                                     ;
+-------+-----------------------------------+-----------------------------------+-----------------------------------+----------------------------------+--------------+------------+------------+
; Slack ; From Node                         ; To Node                           ; Launch Clock                      ; Latch Clock                      ; Relationship ; Clock Skew ; Data Delay ;
+-------+-----------------------------------+-----------------------------------+-----------------------------------+----------------------------------+--------------+------------+------------+
; 0.466 ; divisorLeds:divisor|d_ff:dff_10|Q ; divisorLeds:divisor|d_ff:dff_10|Q ; divisorLeds:divisor|d_ff:dff_10|Q ; divisorLeds:divisor|d_ff:dff_9|Q ; 0.500        ; 1.784      ; 1.861      ;
; 0.966 ; divisorLeds:divisor|d_ff:dff_10|Q ; divisorLeds:divisor|d_ff:dff_10|Q ; divisorLeds:divisor|d_ff:dff_10|Q ; divisorLeds:divisor|d_ff:dff_9|Q ; 1.000        ; 1.784      ; 1.861      ;
+-------+-----------------------------------+-----------------------------------+-----------------------------------+----------------------------------+--------------+------------+------------+


+------------------------------------------------------------------------------------------------------------------------------------------------------------------------------------------------+
; Setup: 'divisorLeds:divisor|d_ff:dff_14|Q'                                                                                                                                                     ;
+-------+-----------------------------------+-----------------------------------+-----------------------------------+-----------------------------------+--------------+------------+------------+
; Slack ; From Node                         ; To Node                           ; Launch Clock                      ; Latch Clock                       ; Relationship ; Clock Skew ; Data Delay ;
+-------+-----------------------------------+-----------------------------------+-----------------------------------+-----------------------------------+--------------+------------+------------+
; 0.467 ; divisorLeds:divisor|d_ff:dff_15|Q ; divisorLeds:divisor|d_ff:dff_15|Q ; divisorLeds:divisor|d_ff:dff_15|Q ; divisorLeds:divisor|d_ff:dff_14|Q ; 0.500        ; 1.785      ; 1.861      ;
; 0.967 ; divisorLeds:divisor|d_ff:dff_15|Q ; divisorLeds:divisor|d_ff:dff_15|Q ; divisorLeds:divisor|d_ff:dff_15|Q ; divisorLeds:divisor|d_ff:dff_14|Q ; 1.000        ; 1.785      ; 1.861      ;
+-------+-----------------------------------+-----------------------------------+-----------------------------------+-----------------------------------+--------------+------------+------------+


+--------------------------------------------------------------------------------------------------------------------------------------------------------------------------------------------+
; Setup: 'divisorLeds:divisor|d_ff:dff_2|Q'                                                                                                                                                  ;
+-------+----------------------------------+----------------------------------+----------------------------------+----------------------------------+--------------+------------+------------+
; Slack ; From Node                        ; To Node                          ; Launch Clock                     ; Latch Clock                      ; Relationship ; Clock Skew ; Data Delay ;
+-------+----------------------------------+----------------------------------+----------------------------------+----------------------------------+--------------+------------+------------+
; 0.467 ; divisorLeds:divisor|d_ff:dff_3|Q ; divisorLeds:divisor|d_ff:dff_3|Q ; divisorLeds:divisor|d_ff:dff_3|Q ; divisorLeds:divisor|d_ff:dff_2|Q ; 0.500        ; 1.784      ; 1.860      ;
; 0.967 ; divisorLeds:divisor|d_ff:dff_3|Q ; divisorLeds:divisor|d_ff:dff_3|Q ; divisorLeds:divisor|d_ff:dff_3|Q ; divisorLeds:divisor|d_ff:dff_2|Q ; 1.000        ; 1.784      ; 1.860      ;
+-------+----------------------------------+----------------------------------+----------------------------------+----------------------------------+--------------+------------+------------+


+--------------------------------------------------------------------------------------------------------------------------------------------------------------------------------------------+
; Setup: 'divisorLeds:divisor|d_ff:dff_4|Q'                                                                                                                                                  ;
+-------+----------------------------------+----------------------------------+----------------------------------+----------------------------------+--------------+------------+------------+
; Slack ; From Node                        ; To Node                          ; Launch Clock                     ; Latch Clock                      ; Relationship ; Clock Skew ; Data Delay ;
+-------+----------------------------------+----------------------------------+----------------------------------+----------------------------------+--------------+------------+------------+
; 0.467 ; divisorLeds:divisor|d_ff:dff_5|Q ; divisorLeds:divisor|d_ff:dff_5|Q ; divisorLeds:divisor|d_ff:dff_5|Q ; divisorLeds:divisor|d_ff:dff_4|Q ; 0.500        ; 1.784      ; 1.860      ;
; 0.967 ; divisorLeds:divisor|d_ff:dff_5|Q ; divisorLeds:divisor|d_ff:dff_5|Q ; divisorLeds:divisor|d_ff:dff_5|Q ; divisorLeds:divisor|d_ff:dff_4|Q ; 1.000        ; 1.784      ; 1.860      ;
+-------+----------------------------------+----------------------------------+----------------------------------+----------------------------------+--------------+------------+------------+


+--------------------------------------------------------------------------------------------------------------------------------------------------------------------------------------------+
; Setup: 'divisorLeds:divisor|d_ff:dff_6|Q'                                                                                                                                                  ;
+-------+----------------------------------+----------------------------------+----------------------------------+----------------------------------+--------------+------------+------------+
; Slack ; From Node                        ; To Node                          ; Launch Clock                     ; Latch Clock                      ; Relationship ; Clock Skew ; Data Delay ;
+-------+----------------------------------+----------------------------------+----------------------------------+----------------------------------+--------------+------------+------------+
; 0.467 ; divisorLeds:divisor|d_ff:dff_7|Q ; divisorLeds:divisor|d_ff:dff_7|Q ; divisorLeds:divisor|d_ff:dff_7|Q ; divisorLeds:divisor|d_ff:dff_6|Q ; 0.500        ; 1.784      ; 1.860      ;
; 0.967 ; divisorLeds:divisor|d_ff:dff_7|Q ; divisorLeds:divisor|d_ff:dff_7|Q ; divisorLeds:divisor|d_ff:dff_7|Q ; divisorLeds:divisor|d_ff:dff_6|Q ; 1.000        ; 1.784      ; 1.860      ;
+-------+----------------------------------+----------------------------------+----------------------------------+----------------------------------+--------------+------------+------------+


+--------------------------------------------------------------------------------------------------------------------------------------------------------------------------------------------+
; Setup: 'divisorLeds:divisor|d_ff:dff_5|Q'                                                                                                                                                  ;
+-------+----------------------------------+----------------------------------+----------------------------------+----------------------------------+--------------+------------+------------+
; Slack ; From Node                        ; To Node                          ; Launch Clock                     ; Latch Clock                      ; Relationship ; Clock Skew ; Data Delay ;
+-------+----------------------------------+----------------------------------+----------------------------------+----------------------------------+--------------+------------+------------+
; 0.807 ; divisorLeds:divisor|d_ff:dff_6|Q ; divisorLeds:divisor|d_ff:dff_6|Q ; divisorLeds:divisor|d_ff:dff_6|Q ; divisorLeds:divisor|d_ff:dff_5|Q ; 0.500        ; 2.143      ; 1.879      ;
; 1.307 ; divisorLeds:divisor|d_ff:dff_6|Q ; divisorLeds:divisor|d_ff:dff_6|Q ; divisorLeds:divisor|d_ff:dff_6|Q ; divisorLeds:divisor|d_ff:dff_5|Q ; 1.000        ; 2.143      ; 1.879      ;
+-------+----------------------------------+----------------------------------+----------------------------------+----------------------------------+--------------+------------+------------+


+------------------------------------------------------------------------------------------------------------------------------------------------------------------------------------------------+
; Setup: 'divisorLeds:divisor|d_ff:dff_13|Q'                                                                                                                                                     ;
+-------+-----------------------------------+-----------------------------------+-----------------------------------+-----------------------------------+--------------+------------+------------+
; Slack ; From Node                         ; To Node                           ; Launch Clock                      ; Latch Clock                       ; Relationship ; Clock Skew ; Data Delay ;
+-------+-----------------------------------+-----------------------------------+-----------------------------------+-----------------------------------+--------------+------------+------------+
; 0.825 ; divisorLeds:divisor|d_ff:dff_14|Q ; divisorLeds:divisor|d_ff:dff_14|Q ; divisorLeds:divisor|d_ff:dff_14|Q ; divisorLeds:divisor|d_ff:dff_13|Q ; 0.500        ; 2.160      ; 1.878      ;
; 1.325 ; divisorLeds:divisor|d_ff:dff_14|Q ; divisorLeds:divisor|d_ff:dff_14|Q ; divisorLeds:divisor|d_ff:dff_14|Q ; divisorLeds:divisor|d_ff:dff_13|Q ; 1.000        ; 2.160      ; 1.878      ;
+-------+-----------------------------------+-----------------------------------+-----------------------------------+-----------------------------------+--------------+------------+------------+


+--------------------------------------------------------------------------------------------------------------------------------------------------------------------------------------------+
; Setup: 'divisorLeds:divisor|d_ff:dff_7|Q'                                                                                                                                                  ;
+-------+----------------------------------+----------------------------------+----------------------------------+----------------------------------+--------------+------------+------------+
; Slack ; From Node                        ; To Node                          ; Launch Clock                     ; Latch Clock                      ; Relationship ; Clock Skew ; Data Delay ;
+-------+----------------------------------+----------------------------------+----------------------------------+----------------------------------+--------------+------------+------------+
; 0.826 ; divisorLeds:divisor|d_ff:dff_8|Q ; divisorLeds:divisor|d_ff:dff_8|Q ; divisorLeds:divisor|d_ff:dff_8|Q ; divisorLeds:divisor|d_ff:dff_7|Q ; 0.500        ; 2.143      ; 1.860      ;
; 1.326 ; divisorLeds:divisor|d_ff:dff_8|Q ; divisorLeds:divisor|d_ff:dff_8|Q ; divisorLeds:divisor|d_ff:dff_8|Q ; divisorLeds:divisor|d_ff:dff_7|Q ; 1.000        ; 2.143      ; 1.860      ;
+-------+----------------------------------+----------------------------------+----------------------------------+----------------------------------+--------------+------------+------------+


+--------------------------------------------------------------------------------------------------------------------------------------------------------------------------------------------+
; Setup: 'divisorLeds:divisor|d_ff:dff_3|Q'                                                                                                                                                  ;
+-------+----------------------------------+----------------------------------+----------------------------------+----------------------------------+--------------+------------+------------+
; Slack ; From Node                        ; To Node                          ; Launch Clock                     ; Latch Clock                      ; Relationship ; Clock Skew ; Data Delay ;
+-------+----------------------------------+----------------------------------+----------------------------------+----------------------------------+--------------+------------+------------+
; 0.828 ; divisorLeds:divisor|d_ff:dff_4|Q ; divisorLeds:divisor|d_ff:dff_4|Q ; divisorLeds:divisor|d_ff:dff_4|Q ; divisorLeds:divisor|d_ff:dff_3|Q ; 0.500        ; 2.164      ; 1.879      ;
; 1.328 ; divisorLeds:divisor|d_ff:dff_4|Q ; divisorLeds:divisor|d_ff:dff_4|Q ; divisorLeds:divisor|d_ff:dff_4|Q ; divisorLeds:divisor|d_ff:dff_3|Q ; 1.000        ; 2.164      ; 1.879      ;
+-------+----------------------------------+----------------------------------+----------------------------------+----------------------------------+--------------+------------+------------+


+--------------------------------------------------------------------------------------------------------------------------------------------------------------------------------------------+
; Setup: 'divisorLeds:divisor|d_ff:dff_1|Q'                                                                                                                                                  ;
+-------+----------------------------------+----------------------------------+----------------------------------+----------------------------------+--------------+------------+------------+
; Slack ; From Node                        ; To Node                          ; Launch Clock                     ; Latch Clock                      ; Relationship ; Clock Skew ; Data Delay ;
+-------+----------------------------------+----------------------------------+----------------------------------+----------------------------------+--------------+------------+------------+
; 0.833 ; divisorLeds:divisor|d_ff:dff_2|Q ; divisorLeds:divisor|d_ff:dff_2|Q ; divisorLeds:divisor|d_ff:dff_2|Q ; divisorLeds:divisor|d_ff:dff_1|Q ; 0.500        ; 2.169      ; 1.879      ;
; 1.333 ; divisorLeds:divisor|d_ff:dff_2|Q ; divisorLeds:divisor|d_ff:dff_2|Q ; divisorLeds:divisor|d_ff:dff_2|Q ; divisorLeds:divisor|d_ff:dff_1|Q ; 1.000        ; 2.169      ; 1.879      ;
+-------+----------------------------------+----------------------------------+----------------------------------+----------------------------------+--------------+------------+------------+


+------------------------------------------------------------------------------------------------------------------------------------------------------------------------------------------------+
; Setup: 'divisorLeds:divisor|d_ff:dff_10|Q'                                                                                                                                                     ;
+-------+-----------------------------------+-----------------------------------+-----------------------------------+-----------------------------------+--------------+------------+------------+
; Slack ; From Node                         ; To Node                           ; Launch Clock                      ; Latch Clock                       ; Relationship ; Clock Skew ; Data Delay ;
+-------+-----------------------------------+-----------------------------------+-----------------------------------+-----------------------------------+--------------+------------+------------+
; 0.965 ; divisorLeds:divisor|d_ff:dff_11|Q ; divisorLeds:divisor|d_ff:dff_11|Q ; divisorLeds:divisor|d_ff:dff_11|Q ; divisorLeds:divisor|d_ff:dff_10|Q ; 0.500        ; 2.293      ; 1.871      ;
; 1.465 ; divisorLeds:divisor|d_ff:dff_11|Q ; divisorLeds:divisor|d_ff:dff_11|Q ; divisorLeds:divisor|d_ff:dff_11|Q ; divisorLeds:divisor|d_ff:dff_10|Q ; 1.000        ; 2.293      ; 1.871      ;
+-------+-----------------------------------+-----------------------------------+-----------------------------------+-----------------------------------+--------------+------------+------------+


+------------------------------------------------------------------------------------------------------------------------------------------------------------------------------------------------+
; Setup: 'divisorLeds:divisor|d_ff:dff_11|Q'                                                                                                                                                     ;
+-------+-----------------------------------+-----------------------------------+-----------------------------------+-----------------------------------+--------------+------------+------------+
; Slack ; From Node                         ; To Node                           ; Launch Clock                      ; Latch Clock                       ; Relationship ; Clock Skew ; Data Delay ;
+-------+-----------------------------------+-----------------------------------+-----------------------------------+-----------------------------------+--------------+------------+------------+
; 1.227 ; divisorLeds:divisor|d_ff:dff_12|Q ; divisorLeds:divisor|d_ff:dff_12|Q ; divisorLeds:divisor|d_ff:dff_12|Q ; divisorLeds:divisor|d_ff:dff_11|Q ; 0.500        ; 2.822      ; 2.138      ;
; 1.727 ; divisorLeds:divisor|d_ff:dff_12|Q ; divisorLeds:divisor|d_ff:dff_12|Q ; divisorLeds:divisor|d_ff:dff_12|Q ; divisorLeds:divisor|d_ff:dff_11|Q ; 1.000        ; 2.822      ; 2.138      ;
+-------+-----------------------------------+-----------------------------------+-----------------------------------+-----------------------------------+--------------+------------+------------+


+--------------------------------------------------------------------------------------------------------------------------------------------------------------------------------------------+
; Setup: 'divisorLeds:divisor|d_ff:dff_8|Q'                                                                                                                                                  ;
+-------+----------------------------------+----------------------------------+----------------------------------+----------------------------------+--------------+------------+------------+
; Slack ; From Node                        ; To Node                          ; Launch Clock                     ; Latch Clock                      ; Relationship ; Clock Skew ; Data Delay ;
+-------+----------------------------------+----------------------------------+----------------------------------+----------------------------------+--------------+------------+------------+
; 1.269 ; divisorLeds:divisor|d_ff:dff_9|Q ; divisorLeds:divisor|d_ff:dff_9|Q ; divisorLeds:divisor|d_ff:dff_9|Q ; divisorLeds:divisor|d_ff:dff_8|Q ; 0.500        ; 2.864      ; 2.138      ;
; 1.769 ; divisorLeds:divisor|d_ff:dff_9|Q ; divisorLeds:divisor|d_ff:dff_9|Q ; divisorLeds:divisor|d_ff:dff_9|Q ; divisorLeds:divisor|d_ff:dff_8|Q ; 1.000        ; 2.864      ; 2.138      ;
+-------+----------------------------------+----------------------------------+----------------------------------+----------------------------------+--------------+------------+------------+


+-----------------------------------------------------------------------------------------------------------------------------------------------------------------------+
; Setup: 'clk'                                                                                                                                                          ;
+-------+----------------------------------+----------------------------------+----------------------------------+-------------+--------------+------------+------------+
; Slack ; From Node                        ; To Node                          ; Launch Clock                     ; Latch Clock ; Relationship ; Clock Skew ; Data Delay ;
+-------+----------------------------------+----------------------------------+----------------------------------+-------------+--------------+------------+------------+
; 2.963 ; divisorLeds:divisor|d_ff:dff_0|Q ; divisorLeds:divisor|d_ff:dff_0|Q ; divisorLeds:divisor|d_ff:dff_0|Q ; clk         ; 0.500        ; 4.558      ; 2.138      ;
; 3.463 ; divisorLeds:divisor|d_ff:dff_0|Q ; divisorLeds:divisor|d_ff:dff_0|Q ; divisorLeds:divisor|d_ff:dff_0|Q ; clk         ; 1.000        ; 4.558      ; 2.138      ;
+-------+----------------------------------+----------------------------------+----------------------------------+-------------+--------------+------------+------------+


+------------------------------------------------------------------------------------------------------------------------------------------------------------------------+
; Hold: 'clk'                                                                                                                                                            ;
+--------+----------------------------------+----------------------------------+----------------------------------+-------------+--------------+------------+------------+
; Slack  ; From Node                        ; To Node                          ; Launch Clock                     ; Latch Clock ; Relationship ; Clock Skew ; Data Delay ;
+--------+----------------------------------+----------------------------------+----------------------------------+-------------+--------------+------------+------------+
; -3.017 ; divisorLeds:divisor|d_ff:dff_0|Q ; divisorLeds:divisor|d_ff:dff_0|Q ; divisorLeds:divisor|d_ff:dff_0|Q ; clk         ; 0.000        ; 4.558      ; 2.138      ;
; -2.517 ; divisorLeds:divisor|d_ff:dff_0|Q ; divisorLeds:divisor|d_ff:dff_0|Q ; divisorLeds:divisor|d_ff:dff_0|Q ; clk         ; -0.500       ; 4.558      ; 2.138      ;
+--------+----------------------------------+----------------------------------+----------------------------------+-------------+--------------+------------+------------+


+---------------------------------------------------------------------------------------------------------------------------------------------------------------------------------------------+
; Hold: 'divisorLeds:divisor|d_ff:dff_8|Q'                                                                                                                                                    ;
+--------+----------------------------------+----------------------------------+----------------------------------+----------------------------------+--------------+------------+------------+
; Slack  ; From Node                        ; To Node                          ; Launch Clock                     ; Latch Clock                      ; Relationship ; Clock Skew ; Data Delay ;
+--------+----------------------------------+----------------------------------+----------------------------------+----------------------------------+--------------+------------+------------+
; -1.323 ; divisorLeds:divisor|d_ff:dff_9|Q ; divisorLeds:divisor|d_ff:dff_9|Q ; divisorLeds:divisor|d_ff:dff_9|Q ; divisorLeds:divisor|d_ff:dff_8|Q ; 0.000        ; 2.864      ; 2.138      ;
; -0.823 ; divisorLeds:divisor|d_ff:dff_9|Q ; divisorLeds:divisor|d_ff:dff_9|Q ; divisorLeds:divisor|d_ff:dff_9|Q ; divisorLeds:divisor|d_ff:dff_8|Q ; -0.500       ; 2.864      ; 2.138      ;
+--------+----------------------------------+----------------------------------+----------------------------------+----------------------------------+--------------+------------+------------+


+-------------------------------------------------------------------------------------------------------------------------------------------------------------------------------------------------+
; Hold: 'divisorLeds:divisor|d_ff:dff_11|Q'                                                                                                                                                       ;
+--------+-----------------------------------+-----------------------------------+-----------------------------------+-----------------------------------+--------------+------------+------------+
; Slack  ; From Node                         ; To Node                           ; Launch Clock                      ; Latch Clock                       ; Relationship ; Clock Skew ; Data Delay ;
+--------+-----------------------------------+-----------------------------------+-----------------------------------+-----------------------------------+--------------+------------+------------+
; -1.281 ; divisorLeds:divisor|d_ff:dff_12|Q ; divisorLeds:divisor|d_ff:dff_12|Q ; divisorLeds:divisor|d_ff:dff_12|Q ; divisorLeds:divisor|d_ff:dff_11|Q ; 0.000        ; 2.822      ; 2.138      ;
; -0.781 ; divisorLeds:divisor|d_ff:dff_12|Q ; divisorLeds:divisor|d_ff:dff_12|Q ; divisorLeds:divisor|d_ff:dff_12|Q ; divisorLeds:divisor|d_ff:dff_11|Q ; -0.500       ; 2.822      ; 2.138      ;
+--------+-----------------------------------+-----------------------------------+-----------------------------------+-----------------------------------+--------------+------------+------------+


+-------------------------------------------------------------------------------------------------------------------------------------------------------------------------------------------------+
; Hold: 'divisorLeds:divisor|d_ff:dff_10|Q'                                                                                                                                                       ;
+--------+-----------------------------------+-----------------------------------+-----------------------------------+-----------------------------------+--------------+------------+------------+
; Slack  ; From Node                         ; To Node                           ; Launch Clock                      ; Latch Clock                       ; Relationship ; Clock Skew ; Data Delay ;
+--------+-----------------------------------+-----------------------------------+-----------------------------------+-----------------------------------+--------------+------------+------------+
; -1.019 ; divisorLeds:divisor|d_ff:dff_11|Q ; divisorLeds:divisor|d_ff:dff_11|Q ; divisorLeds:divisor|d_ff:dff_11|Q ; divisorLeds:divisor|d_ff:dff_10|Q ; 0.000        ; 2.293      ; 1.871      ;
; -0.519 ; divisorLeds:divisor|d_ff:dff_11|Q ; divisorLeds:divisor|d_ff:dff_11|Q ; divisorLeds:divisor|d_ff:dff_11|Q ; divisorLeds:divisor|d_ff:dff_10|Q ; -0.500       ; 2.293      ; 1.871      ;
+--------+-----------------------------------+-----------------------------------+-----------------------------------+-----------------------------------+--------------+------------+------------+


+---------------------------------------------------------------------------------------------------------------------------------------------------------------------------------------------+
; Hold: 'divisorLeds:divisor|d_ff:dff_1|Q'                                                                                                                                                    ;
+--------+----------------------------------+----------------------------------+----------------------------------+----------------------------------+--------------+------------+------------+
; Slack  ; From Node                        ; To Node                          ; Launch Clock                     ; Latch Clock                      ; Relationship ; Clock Skew ; Data Delay ;
+--------+----------------------------------+----------------------------------+----------------------------------+----------------------------------+--------------+------------+------------+
; -0.887 ; divisorLeds:divisor|d_ff:dff_2|Q ; divisorLeds:divisor|d_ff:dff_2|Q ; divisorLeds:divisor|d_ff:dff_2|Q ; divisorLeds:divisor|d_ff:dff_1|Q ; 0.000        ; 2.169      ; 1.879      ;
; -0.387 ; divisorLeds:divisor|d_ff:dff_2|Q ; divisorLeds:divisor|d_ff:dff_2|Q ; divisorLeds:divisor|d_ff:dff_2|Q ; divisorLeds:divisor|d_ff:dff_1|Q ; -0.500       ; 2.169      ; 1.879      ;
+--------+----------------------------------+----------------------------------+----------------------------------+----------------------------------+--------------+------------+------------+


+---------------------------------------------------------------------------------------------------------------------------------------------------------------------------------------------+
; Hold: 'divisorLeds:divisor|d_ff:dff_3|Q'                                                                                                                                                    ;
+--------+----------------------------------+----------------------------------+----------------------------------+----------------------------------+--------------+------------+------------+
; Slack  ; From Node                        ; To Node                          ; Launch Clock                     ; Latch Clock                      ; Relationship ; Clock Skew ; Data Delay ;
+--------+----------------------------------+----------------------------------+----------------------------------+----------------------------------+--------------+------------+------------+
; -0.882 ; divisorLeds:divisor|d_ff:dff_4|Q ; divisorLeds:divisor|d_ff:dff_4|Q ; divisorLeds:divisor|d_ff:dff_4|Q ; divisorLeds:divisor|d_ff:dff_3|Q ; 0.000        ; 2.164      ; 1.879      ;
; -0.382 ; divisorLeds:divisor|d_ff:dff_4|Q ; divisorLeds:divisor|d_ff:dff_4|Q ; divisorLeds:divisor|d_ff:dff_4|Q ; divisorLeds:divisor|d_ff:dff_3|Q ; -0.500       ; 2.164      ; 1.879      ;
+--------+----------------------------------+----------------------------------+----------------------------------+----------------------------------+--------------+------------+------------+


+---------------------------------------------------------------------------------------------------------------------------------------------------------------------------------------------+
; Hold: 'divisorLeds:divisor|d_ff:dff_7|Q'                                                                                                                                                    ;
+--------+----------------------------------+----------------------------------+----------------------------------+----------------------------------+--------------+------------+------------+
; Slack  ; From Node                        ; To Node                          ; Launch Clock                     ; Latch Clock                      ; Relationship ; Clock Skew ; Data Delay ;
+--------+----------------------------------+----------------------------------+----------------------------------+----------------------------------+--------------+------------+------------+
; -0.880 ; divisorLeds:divisor|d_ff:dff_8|Q ; divisorLeds:divisor|d_ff:dff_8|Q ; divisorLeds:divisor|d_ff:dff_8|Q ; divisorLeds:divisor|d_ff:dff_7|Q ; 0.000        ; 2.143      ; 1.860      ;
; -0.380 ; divisorLeds:divisor|d_ff:dff_8|Q ; divisorLeds:divisor|d_ff:dff_8|Q ; divisorLeds:divisor|d_ff:dff_8|Q ; divisorLeds:divisor|d_ff:dff_7|Q ; -0.500       ; 2.143      ; 1.860      ;
+--------+----------------------------------+----------------------------------+----------------------------------+----------------------------------+--------------+------------+------------+


+-------------------------------------------------------------------------------------------------------------------------------------------------------------------------------------------------+
; Hold: 'divisorLeds:divisor|d_ff:dff_13|Q'                                                                                                                                                       ;
+--------+-----------------------------------+-----------------------------------+-----------------------------------+-----------------------------------+--------------+------------+------------+
; Slack  ; From Node                         ; To Node                           ; Launch Clock                      ; Latch Clock                       ; Relationship ; Clock Skew ; Data Delay ;
+--------+-----------------------------------+-----------------------------------+-----------------------------------+-----------------------------------+--------------+------------+------------+
; -0.879 ; divisorLeds:divisor|d_ff:dff_14|Q ; divisorLeds:divisor|d_ff:dff_14|Q ; divisorLeds:divisor|d_ff:dff_14|Q ; divisorLeds:divisor|d_ff:dff_13|Q ; 0.000        ; 2.160      ; 1.878      ;
; -0.379 ; divisorLeds:divisor|d_ff:dff_14|Q ; divisorLeds:divisor|d_ff:dff_14|Q ; divisorLeds:divisor|d_ff:dff_14|Q ; divisorLeds:divisor|d_ff:dff_13|Q ; -0.500       ; 2.160      ; 1.878      ;
+--------+-----------------------------------+-----------------------------------+-----------------------------------+-----------------------------------+--------------+------------+------------+


+---------------------------------------------------------------------------------------------------------------------------------------------------------------------------------------------+
; Hold: 'divisorLeds:divisor|d_ff:dff_5|Q'                                                                                                                                                    ;
+--------+----------------------------------+----------------------------------+----------------------------------+----------------------------------+--------------+------------+------------+
; Slack  ; From Node                        ; To Node                          ; Launch Clock                     ; Latch Clock                      ; Relationship ; Clock Skew ; Data Delay ;
+--------+----------------------------------+----------------------------------+----------------------------------+----------------------------------+--------------+------------+------------+
; -0.861 ; divisorLeds:divisor|d_ff:dff_6|Q ; divisorLeds:divisor|d_ff:dff_6|Q ; divisorLeds:divisor|d_ff:dff_6|Q ; divisorLeds:divisor|d_ff:dff_5|Q ; 0.000        ; 2.143      ; 1.879      ;
; -0.361 ; divisorLeds:divisor|d_ff:dff_6|Q ; divisorLeds:divisor|d_ff:dff_6|Q ; divisorLeds:divisor|d_ff:dff_6|Q ; divisorLeds:divisor|d_ff:dff_5|Q ; -0.500       ; 2.143      ; 1.879      ;
+--------+----------------------------------+----------------------------------+----------------------------------+----------------------------------+--------------+------------+------------+


+-------------------------------------------------------------------------------------------------------------------------------------------------------------------------------------------------+
; Hold: 'divisorLeds:divisor|d_ff:dff_14|Q'                                                                                                                                                       ;
+--------+-----------------------------------+-----------------------------------+-----------------------------------+-----------------------------------+--------------+------------+------------+
; Slack  ; From Node                         ; To Node                           ; Launch Clock                      ; Latch Clock                       ; Relationship ; Clock Skew ; Data Delay ;
+--------+-----------------------------------+-----------------------------------+-----------------------------------+-----------------------------------+--------------+------------+------------+
; -0.521 ; divisorLeds:divisor|d_ff:dff_15|Q ; divisorLeds:divisor|d_ff:dff_15|Q ; divisorLeds:divisor|d_ff:dff_15|Q ; divisorLeds:divisor|d_ff:dff_14|Q ; 0.000        ; 1.785      ; 1.861      ;
; -0.021 ; divisorLeds:divisor|d_ff:dff_15|Q ; divisorLeds:divisor|d_ff:dff_15|Q ; divisorLeds:divisor|d_ff:dff_15|Q ; divisorLeds:divisor|d_ff:dff_14|Q ; -0.500       ; 1.785      ; 1.861      ;
+--------+-----------------------------------+-----------------------------------+-----------------------------------+-----------------------------------+--------------+------------+------------+


+---------------------------------------------------------------------------------------------------------------------------------------------------------------------------------------------+
; Hold: 'divisorLeds:divisor|d_ff:dff_2|Q'                                                                                                                                                    ;
+--------+----------------------------------+----------------------------------+----------------------------------+----------------------------------+--------------+------------+------------+
; Slack  ; From Node                        ; To Node                          ; Launch Clock                     ; Latch Clock                      ; Relationship ; Clock Skew ; Data Delay ;
+--------+----------------------------------+----------------------------------+----------------------------------+----------------------------------+--------------+------------+------------+
; -0.521 ; divisorLeds:divisor|d_ff:dff_3|Q ; divisorLeds:divisor|d_ff:dff_3|Q ; divisorLeds:divisor|d_ff:dff_3|Q ; divisorLeds:divisor|d_ff:dff_2|Q ; 0.000        ; 1.784      ; 1.860      ;
; -0.021 ; divisorLeds:divisor|d_ff:dff_3|Q ; divisorLeds:divisor|d_ff:dff_3|Q ; divisorLeds:divisor|d_ff:dff_3|Q ; divisorLeds:divisor|d_ff:dff_2|Q ; -0.500       ; 1.784      ; 1.860      ;
+--------+----------------------------------+----------------------------------+----------------------------------+----------------------------------+--------------+------------+------------+


+---------------------------------------------------------------------------------------------------------------------------------------------------------------------------------------------+
; Hold: 'divisorLeds:divisor|d_ff:dff_4|Q'                                                                                                                                                    ;
+--------+----------------------------------+----------------------------------+----------------------------------+----------------------------------+--------------+------------+------------+
; Slack  ; From Node                        ; To Node                          ; Launch Clock                     ; Latch Clock                      ; Relationship ; Clock Skew ; Data Delay ;
+--------+----------------------------------+----------------------------------+----------------------------------+----------------------------------+--------------+------------+------------+
; -0.521 ; divisorLeds:divisor|d_ff:dff_5|Q ; divisorLeds:divisor|d_ff:dff_5|Q ; divisorLeds:divisor|d_ff:dff_5|Q ; divisorLeds:divisor|d_ff:dff_4|Q ; 0.000        ; 1.784      ; 1.860      ;
; -0.021 ; divisorLeds:divisor|d_ff:dff_5|Q ; divisorLeds:divisor|d_ff:dff_5|Q ; divisorLeds:divisor|d_ff:dff_5|Q ; divisorLeds:divisor|d_ff:dff_4|Q ; -0.500       ; 1.784      ; 1.860      ;
+--------+----------------------------------+----------------------------------+----------------------------------+----------------------------------+--------------+------------+------------+


+---------------------------------------------------------------------------------------------------------------------------------------------------------------------------------------------+
; Hold: 'divisorLeds:divisor|d_ff:dff_6|Q'                                                                                                                                                    ;
+--------+----------------------------------+----------------------------------+----------------------------------+----------------------------------+--------------+------------+------------+
; Slack  ; From Node                        ; To Node                          ; Launch Clock                     ; Latch Clock                      ; Relationship ; Clock Skew ; Data Delay ;
+--------+----------------------------------+----------------------------------+----------------------------------+----------------------------------+--------------+------------+------------+
; -0.521 ; divisorLeds:divisor|d_ff:dff_7|Q ; divisorLeds:divisor|d_ff:dff_7|Q ; divisorLeds:divisor|d_ff:dff_7|Q ; divisorLeds:divisor|d_ff:dff_6|Q ; 0.000        ; 1.784      ; 1.860      ;
; -0.021 ; divisorLeds:divisor|d_ff:dff_7|Q ; divisorLeds:divisor|d_ff:dff_7|Q ; divisorLeds:divisor|d_ff:dff_7|Q ; divisorLeds:divisor|d_ff:dff_6|Q ; -0.500       ; 1.784      ; 1.860      ;
+--------+----------------------------------+----------------------------------+----------------------------------+----------------------------------+--------------+------------+------------+


+---------------------------------------------------------------------------------------------------------------------------------------------------------------------------------------------+
; Hold: 'divisorLeds:divisor|d_ff:dff_0|Q'                                                                                                                                                    ;
+--------+----------------------------------+----------------------------------+----------------------------------+----------------------------------+--------------+------------+------------+
; Slack  ; From Node                        ; To Node                          ; Launch Clock                     ; Latch Clock                      ; Relationship ; Clock Skew ; Data Delay ;
+--------+----------------------------------+----------------------------------+----------------------------------+----------------------------------+--------------+------------+------------+
; -0.520 ; divisorLeds:divisor|d_ff:dff_1|Q ; divisorLeds:divisor|d_ff:dff_1|Q ; divisorLeds:divisor|d_ff:dff_1|Q ; divisorLeds:divisor|d_ff:dff_0|Q ; 0.000        ; 1.784      ; 1.861      ;
; -0.020 ; divisorLeds:divisor|d_ff:dff_1|Q ; divisorLeds:divisor|d_ff:dff_1|Q ; divisorLeds:divisor|d_ff:dff_1|Q ; divisorLeds:divisor|d_ff:dff_0|Q ; -0.500       ; 1.784      ; 1.861      ;
+--------+----------------------------------+----------------------------------+----------------------------------+----------------------------------+--------------+------------+------------+


+-------------------------------------------------------------------------------------------------------------------------------------------------------------------------------------------------+
; Hold: 'divisorLeds:divisor|d_ff:dff_12|Q'                                                                                                                                                       ;
+--------+-----------------------------------+-----------------------------------+-----------------------------------+-----------------------------------+--------------+------------+------------+
; Slack  ; From Node                         ; To Node                           ; Launch Clock                      ; Latch Clock                       ; Relationship ; Clock Skew ; Data Delay ;
+--------+-----------------------------------+-----------------------------------+-----------------------------------+-----------------------------------+--------------+------------+------------+
; -0.520 ; divisorLeds:divisor|d_ff:dff_13|Q ; divisorLeds:divisor|d_ff:dff_13|Q ; divisorLeds:divisor|d_ff:dff_13|Q ; divisorLeds:divisor|d_ff:dff_12|Q ; 0.000        ; 1.784      ; 1.861      ;
; -0.020 ; divisorLeds:divisor|d_ff:dff_13|Q ; divisorLeds:divisor|d_ff:dff_13|Q ; divisorLeds:divisor|d_ff:dff_13|Q ; divisorLeds:divisor|d_ff:dff_12|Q ; -0.500       ; 1.784      ; 1.861      ;
+--------+-----------------------------------+-----------------------------------+-----------------------------------+-----------------------------------+--------------+------------+------------+


+------------------------------------------------------------------------------------------------------------------------------------------------------------------------------------------------+
; Hold: 'divisorLeds:divisor|d_ff:dff_9|Q'                                                                                                                                                       ;
+--------+-----------------------------------+-----------------------------------+-----------------------------------+----------------------------------+--------------+------------+------------+
; Slack  ; From Node                         ; To Node                           ; Launch Clock                      ; Latch Clock                      ; Relationship ; Clock Skew ; Data Delay ;
+--------+-----------------------------------+-----------------------------------+-----------------------------------+----------------------------------+--------------+------------+------------+
; -0.520 ; divisorLeds:divisor|d_ff:dff_10|Q ; divisorLeds:divisor|d_ff:dff_10|Q ; divisorLeds:divisor|d_ff:dff_10|Q ; divisorLeds:divisor|d_ff:dff_9|Q ; 0.000        ; 1.784      ; 1.861      ;
; -0.020 ; divisorLeds:divisor|d_ff:dff_10|Q ; divisorLeds:divisor|d_ff:dff_10|Q ; divisorLeds:divisor|d_ff:dff_10|Q ; divisorLeds:divisor|d_ff:dff_9|Q ; -0.500       ; 1.784      ; 1.861      ;
+--------+-----------------------------------+-----------------------------------+-----------------------------------+----------------------------------+--------------+------------+------------+


+--------------------------------------------------------------------------------------------------------------------------------------------------------------------------------------------------------+
; Hold: 'divisorLeds:divisor|d_ff:dff_15|Q'                                                                                                                                                              ;
+-------+---------------------------------------+---------------------------------------+-----------------------------------+-----------------------------------+--------------+------------+------------+
; Slack ; From Node                             ; To Node                               ; Launch Clock                      ; Latch Clock                       ; Relationship ; Clock Skew ; Data Delay ;
+-------+---------------------------------------+---------------------------------------+-----------------------------------+-----------------------------------+--------------+------------+------------+
; 1.427 ; deslocamento_coluna_leds:dc|coluna[3] ; deslocamento_coluna_leds:dc|coluna[4] ; divisorLeds:divisor|d_ff:dff_15|Q ; divisorLeds:divisor|d_ff:dff_15|Q ; 0.000        ; 0.000      ; 1.648      ;
; 1.455 ; deslocamento_coluna_leds:dc|coluna[1] ; deslocamento_coluna_leds:dc|coluna[2] ; divisorLeds:divisor|d_ff:dff_15|Q ; divisorLeds:divisor|d_ff:dff_15|Q ; 0.000        ; 0.000      ; 1.676      ;
; 1.464 ; deslocamento_coluna_leds:dc|coluna[2] ; deslocamento_coluna_leds:dc|coluna[3] ; divisorLeds:divisor|d_ff:dff_15|Q ; divisorLeds:divisor|d_ff:dff_15|Q ; 0.000        ; 0.000      ; 1.685      ;
; 1.640 ; deslocamento_coluna_leds:dc|coluna[0] ; deslocamento_coluna_leds:dc|coluna[1] ; divisorLeds:divisor|d_ff:dff_15|Q ; divisorLeds:divisor|d_ff:dff_15|Q ; 0.000        ; 0.000      ; 1.861      ;
; 1.652 ; deslocamento_coluna_leds:dc|coluna[4] ; deslocamento_coluna_leds:dc|coluna[0] ; divisorLeds:divisor|d_ff:dff_15|Q ; divisorLeds:divisor|d_ff:dff_15|Q ; 0.000        ; 0.000      ; 1.873      ;
+-------+---------------------------------------+---------------------------------------+-----------------------------------+-----------------------------------+--------------+------------+------------+


+-------------------------------------------------------------------------------------------------------------------+
; Setup Transfers                                                                                                   ;
+-----------------------------------+-----------------------------------+----------+----------+----------+----------+
; From Clock                        ; To Clock                          ; RR Paths ; FR Paths ; RF Paths ; FF Paths ;
+-----------------------------------+-----------------------------------+----------+----------+----------+----------+
; divisorLeds:divisor|d_ff:dff_0|Q  ; clk                               ; 1        ; 1        ; 0        ; 0        ;
; divisorLeds:divisor|d_ff:dff_1|Q  ; divisorLeds:divisor|d_ff:dff_0|Q  ; 1        ; 1        ; 0        ; 0        ;
; divisorLeds:divisor|d_ff:dff_2|Q  ; divisorLeds:divisor|d_ff:dff_1|Q  ; 1        ; 1        ; 0        ; 0        ;
; divisorLeds:divisor|d_ff:dff_3|Q  ; divisorLeds:divisor|d_ff:dff_2|Q  ; 1        ; 1        ; 0        ; 0        ;
; divisorLeds:divisor|d_ff:dff_4|Q  ; divisorLeds:divisor|d_ff:dff_3|Q  ; 1        ; 1        ; 0        ; 0        ;
; divisorLeds:divisor|d_ff:dff_5|Q  ; divisorLeds:divisor|d_ff:dff_4|Q  ; 1        ; 1        ; 0        ; 0        ;
; divisorLeds:divisor|d_ff:dff_6|Q  ; divisorLeds:divisor|d_ff:dff_5|Q  ; 1        ; 1        ; 0        ; 0        ;
; divisorLeds:divisor|d_ff:dff_7|Q  ; divisorLeds:divisor|d_ff:dff_6|Q  ; 1        ; 1        ; 0        ; 0        ;
; divisorLeds:divisor|d_ff:dff_8|Q  ; divisorLeds:divisor|d_ff:dff_7|Q  ; 1        ; 1        ; 0        ; 0        ;
; divisorLeds:divisor|d_ff:dff_9|Q  ; divisorLeds:divisor|d_ff:dff_8|Q  ; 1        ; 1        ; 0        ; 0        ;
; divisorLeds:divisor|d_ff:dff_10|Q ; divisorLeds:divisor|d_ff:dff_9|Q  ; 1        ; 1        ; 0        ; 0        ;
; divisorLeds:divisor|d_ff:dff_11|Q ; divisorLeds:divisor|d_ff:dff_10|Q ; 1        ; 1        ; 0        ; 0        ;
; divisorLeds:divisor|d_ff:dff_12|Q ; divisorLeds:divisor|d_ff:dff_11|Q ; 1        ; 1        ; 0        ; 0        ;
; divisorLeds:divisor|d_ff:dff_13|Q ; divisorLeds:divisor|d_ff:dff_12|Q ; 1        ; 1        ; 0        ; 0        ;
; divisorLeds:divisor|d_ff:dff_14|Q ; divisorLeds:divisor|d_ff:dff_13|Q ; 1        ; 1        ; 0        ; 0        ;
; divisorLeds:divisor|d_ff:dff_15|Q ; divisorLeds:divisor|d_ff:dff_14|Q ; 1        ; 1        ; 0        ; 0        ;
; divisorLeds:divisor|d_ff:dff_15|Q ; divisorLeds:divisor|d_ff:dff_15|Q ; 5        ; 0        ; 0        ; 0        ;
+-----------------------------------+-----------------------------------+----------+----------+----------+----------+
Entries labeled "false path" only account for clock-to-clock false paths and not path-based false paths. As a result, actual path counts may be lower than reported.


+-------------------------------------------------------------------------------------------------------------------+
; Hold Transfers                                                                                                    ;
+-----------------------------------+-----------------------------------+----------+----------+----------+----------+
; From Clock                        ; To Clock                          ; RR Paths ; FR Paths ; RF Paths ; FF Paths ;
+-----------------------------------+-----------------------------------+----------+----------+----------+----------+
; divisorLeds:divisor|d_ff:dff_0|Q  ; clk                               ; 1        ; 1        ; 0        ; 0        ;
; divisorLeds:divisor|d_ff:dff_1|Q  ; divisorLeds:divisor|d_ff:dff_0|Q  ; 1        ; 1        ; 0        ; 0        ;
; divisorLeds:divisor|d_ff:dff_2|Q  ; divisorLeds:divisor|d_ff:dff_1|Q  ; 1        ; 1        ; 0        ; 0        ;
; divisorLeds:divisor|d_ff:dff_3|Q  ; divisorLeds:divisor|d_ff:dff_2|Q  ; 1        ; 1        ; 0        ; 0        ;
; divisorLeds:divisor|d_ff:dff_4|Q  ; divisorLeds:divisor|d_ff:dff_3|Q  ; 1        ; 1        ; 0        ; 0        ;
; divisorLeds:divisor|d_ff:dff_5|Q  ; divisorLeds:divisor|d_ff:dff_4|Q  ; 1        ; 1        ; 0        ; 0        ;
; divisorLeds:divisor|d_ff:dff_6|Q  ; divisorLeds:divisor|d_ff:dff_5|Q  ; 1        ; 1        ; 0        ; 0        ;
; divisorLeds:divisor|d_ff:dff_7|Q  ; divisorLeds:divisor|d_ff:dff_6|Q  ; 1        ; 1        ; 0        ; 0        ;
; divisorLeds:divisor|d_ff:dff_8|Q  ; divisorLeds:divisor|d_ff:dff_7|Q  ; 1        ; 1        ; 0        ; 0        ;
; divisorLeds:divisor|d_ff:dff_9|Q  ; divisorLeds:divisor|d_ff:dff_8|Q  ; 1        ; 1        ; 0        ; 0        ;
; divisorLeds:divisor|d_ff:dff_10|Q ; divisorLeds:divisor|d_ff:dff_9|Q  ; 1        ; 1        ; 0        ; 0        ;
; divisorLeds:divisor|d_ff:dff_11|Q ; divisorLeds:divisor|d_ff:dff_10|Q ; 1        ; 1        ; 0        ; 0        ;
; divisorLeds:divisor|d_ff:dff_12|Q ; divisorLeds:divisor|d_ff:dff_11|Q ; 1        ; 1        ; 0        ; 0        ;
; divisorLeds:divisor|d_ff:dff_13|Q ; divisorLeds:divisor|d_ff:dff_12|Q ; 1        ; 1        ; 0        ; 0        ;
; divisorLeds:divisor|d_ff:dff_14|Q ; divisorLeds:divisor|d_ff:dff_13|Q ; 1        ; 1        ; 0        ; 0        ;
; divisorLeds:divisor|d_ff:dff_15|Q ; divisorLeds:divisor|d_ff:dff_14|Q ; 1        ; 1        ; 0        ; 0        ;
; divisorLeds:divisor|d_ff:dff_15|Q ; divisorLeds:divisor|d_ff:dff_15|Q ; 5        ; 0        ; 0        ; 0        ;
+-----------------------------------+-----------------------------------+----------+----------+----------+----------+
Entries labeled "false path" only account for clock-to-clock false paths and not path-based false paths. As a result, actual path counts may be lower than reported.


---------------
; Report TCCS ;
---------------
No dedicated SERDES Transmitter circuitry present in device or used in design


---------------
; Report RSKM ;
---------------
No non-DPA dedicated SERDES Receiver circuitry present in device or used in design


+------------------------------------------------+
; Unconstrained Paths Summary                    ;
+---------------------------------+-------+------+
; Property                        ; Setup ; Hold ;
+---------------------------------+-------+------+
; Illegal Clocks                  ; 0     ; 0    ;
; Unconstrained Clocks            ; 0     ; 0    ;
; Unconstrained Input Ports       ; 6     ; 6    ;
; Unconstrained Input Port Paths  ; 53    ; 53   ;
; Unconstrained Output Ports      ; 18    ; 18   ;
; Unconstrained Output Port Paths ; 81    ; 81   ;
+---------------------------------+-------+------+


+--------------------------------------------------------------------------------------------+
; Clock Status Summary                                                                       ;
+-----------------------------------+-----------------------------------+------+-------------+
; Target                            ; Clock                             ; Type ; Status      ;
+-----------------------------------+-----------------------------------+------+-------------+
; clk                               ; clk                               ; Base ; Constrained ;
; divisorLeds:divisor|d_ff:dff_0|Q  ; divisorLeds:divisor|d_ff:dff_0|Q  ; Base ; Constrained ;
; divisorLeds:divisor|d_ff:dff_1|Q  ; divisorLeds:divisor|d_ff:dff_1|Q  ; Base ; Constrained ;
; divisorLeds:divisor|d_ff:dff_2|Q  ; divisorLeds:divisor|d_ff:dff_2|Q  ; Base ; Constrained ;
; divisorLeds:divisor|d_ff:dff_3|Q  ; divisorLeds:divisor|d_ff:dff_3|Q  ; Base ; Constrained ;
; divisorLeds:divisor|d_ff:dff_4|Q  ; divisorLeds:divisor|d_ff:dff_4|Q  ; Base ; Constrained ;
; divisorLeds:divisor|d_ff:dff_5|Q  ; divisorLeds:divisor|d_ff:dff_5|Q  ; Base ; Constrained ;
; divisorLeds:divisor|d_ff:dff_6|Q  ; divisorLeds:divisor|d_ff:dff_6|Q  ; Base ; Constrained ;
; divisorLeds:divisor|d_ff:dff_7|Q  ; divisorLeds:divisor|d_ff:dff_7|Q  ; Base ; Constrained ;
; divisorLeds:divisor|d_ff:dff_8|Q  ; divisorLeds:divisor|d_ff:dff_8|Q  ; Base ; Constrained ;
; divisorLeds:divisor|d_ff:dff_9|Q  ; divisorLeds:divisor|d_ff:dff_9|Q  ; Base ; Constrained ;
; divisorLeds:divisor|d_ff:dff_10|Q ; divisorLeds:divisor|d_ff:dff_10|Q ; Base ; Constrained ;
; divisorLeds:divisor|d_ff:dff_11|Q ; divisorLeds:divisor|d_ff:dff_11|Q ; Base ; Constrained ;
; divisorLeds:divisor|d_ff:dff_12|Q ; divisorLeds:divisor|d_ff:dff_12|Q ; Base ; Constrained ;
; divisorLeds:divisor|d_ff:dff_13|Q ; divisorLeds:divisor|d_ff:dff_13|Q ; Base ; Constrained ;
; divisorLeds:divisor|d_ff:dff_14|Q ; divisorLeds:divisor|d_ff:dff_14|Q ; Base ; Constrained ;
; divisorLeds:divisor|d_ff:dff_15|Q ; divisorLeds:divisor|d_ff:dff_15|Q ; Base ; Constrained ;
+-----------------------------------+-----------------------------------+------+-------------+


+---------------------------------------------------------------------------------------------------+
; Unconstrained Input Ports                                                                         ;
+------------+--------------------------------------------------------------------------------------+
; Input Port ; Comment                                                                              ;
+------------+--------------------------------------------------------------------------------------+
; HH         ; No input delay, min/max delays, false-path exceptions, or max skew assignments found ;
; LL         ; No input delay, min/max delays, false-path exceptions, or max skew assignments found ;
; MM         ; No input delay, min/max delays, false-path exceptions, or max skew assignments found ;
; Ua         ; No input delay, min/max delays, false-path exceptions, or max skew assignments found ;
; Us         ; No input delay, min/max delays, false-path exceptions, or max skew assignments found ;
; switch     ; No input delay, min/max delays, false-path exceptions, or max skew assignments found ;
+------------+--------------------------------------------------------------------------------------+


+-----------------------------------------------------------------------------------------------------+
; Unconstrained Output Ports                                                                          ;
+-------------+---------------------------------------------------------------------------------------+
; Output Port ; Comment                                                                               ;
+-------------+---------------------------------------------------------------------------------------+
; Alarme      ; No output delay, min/max delays, false-path exceptions, or max skew assignments found ;
; Bs          ; No output delay, min/max delays, false-path exceptions, or max skew assignments found ;
; Erro        ; No output delay, min/max delays, false-path exceptions, or max skew assignments found ;
; Ve          ; No output delay, min/max delays, false-path exceptions, or max skew assignments found ;
; Vs          ; No output delay, min/max delays, false-path exceptions, or max skew assignments found ;
; clkLeds     ; No output delay, min/max delays, false-path exceptions, or max skew assignments found ;
; coluna[0]   ; No output delay, min/max delays, false-path exceptions, or max skew assignments found ;
; coluna[1]   ; No output delay, min/max delays, false-path exceptions, or max skew assignments found ;
; coluna[2]   ; No output delay, min/max delays, false-path exceptions, or max skew assignments found ;
; coluna[3]   ; No output delay, min/max delays, false-path exceptions, or max skew assignments found ;
; coluna[4]   ; No output delay, min/max delays, false-path exceptions, or max skew assignments found ;
; linha[0]    ; No output delay, min/max delays, false-path exceptions, or max skew assignments found ;
; linha[1]    ; No output delay, min/max delays, false-path exceptions, or max skew assignments found ;
; linha[2]    ; No output delay, min/max delays, false-path exceptions, or max skew assignments found ;
; linha[3]    ; No output delay, min/max delays, false-path exceptions, or max skew assignments found ;
; linha[4]    ; No output delay, min/max delays, false-path exceptions, or max skew assignments found ;
; linha[5]    ; No output delay, min/max delays, false-path exceptions, or max skew assignments found ;
; linha[6]    ; No output delay, min/max delays, false-path exceptions, or max skew assignments found ;
+-------------+---------------------------------------------------------------------------------------+


+---------------------------------------------------------------------------------------------------+
; Unconstrained Input Ports                                                                         ;
+------------+--------------------------------------------------------------------------------------+
; Input Port ; Comment                                                                              ;
+------------+--------------------------------------------------------------------------------------+
; HH         ; No input delay, min/max delays, false-path exceptions, or max skew assignments found ;
; LL         ; No input delay, min/max delays, false-path exceptions, or max skew assignments found ;
; MM         ; No input delay, min/max delays, false-path exceptions, or max skew assignments found ;
; Ua         ; No input delay, min/max delays, false-path exceptions, or max skew assignments found ;
; Us         ; No input delay, min/max delays, false-path exceptions, or max skew assignments found ;
; switch     ; No input delay, min/max delays, false-path exceptions, or max skew assignments found ;
+------------+--------------------------------------------------------------------------------------+


+-----------------------------------------------------------------------------------------------------+
; Unconstrained Output Ports                                                                          ;
+-------------+---------------------------------------------------------------------------------------+
; Output Port ; Comment                                                                               ;
+-------------+---------------------------------------------------------------------------------------+
; Alarme      ; No output delay, min/max delays, false-path exceptions, or max skew assignments found ;
; Bs          ; No output delay, min/max delays, false-path exceptions, or max skew assignments found ;
; Erro        ; No output delay, min/max delays, false-path exceptions, or max skew assignments found ;
; Ve          ; No output delay, min/max delays, false-path exceptions, or max skew assignments found ;
; Vs          ; No output delay, min/max delays, false-path exceptions, or max skew assignments found ;
; clkLeds     ; No output delay, min/max delays, false-path exceptions, or max skew assignments found ;
; coluna[0]   ; No output delay, min/max delays, false-path exceptions, or max skew assignments found ;
; coluna[1]   ; No output delay, min/max delays, false-path exceptions, or max skew assignments found ;
; coluna[2]   ; No output delay, min/max delays, false-path exceptions, or max skew assignments found ;
; coluna[3]   ; No output delay, min/max delays, false-path exceptions, or max skew assignments found ;
; coluna[4]   ; No output delay, min/max delays, false-path exceptions, or max skew assignments found ;
; linha[0]    ; No output delay, min/max delays, false-path exceptions, or max skew assignments found ;
; linha[1]    ; No output delay, min/max delays, false-path exceptions, or max skew assignments found ;
; linha[2]    ; No output delay, min/max delays, false-path exceptions, or max skew assignments found ;
; linha[3]    ; No output delay, min/max delays, false-path exceptions, or max skew assignments found ;
; linha[4]    ; No output delay, min/max delays, false-path exceptions, or max skew assignments found ;
; linha[5]    ; No output delay, min/max delays, false-path exceptions, or max skew assignments found ;
; linha[6]    ; No output delay, min/max delays, false-path exceptions, or max skew assignments found ;
+-------------+---------------------------------------------------------------------------------------+


+--------------------------+
; Timing Analyzer Messages ;
+--------------------------+
Info: *******************************************************************
Info: Running Quartus Prime Timing Analyzer
    Info: Version 20.1.1 Build 720 11/11/2020 SJ Lite Edition
    Info: Processing started: Thu Jun  6 11:42:39 2024
Info: Command: quartus_sta SistemaDeIrrigacao -c SistemaDeIrrigacao
Info: qsta_default_script.tcl version: #1
Warning (18236): Number of processors has not been specified which may cause overloading on shared machines.  Set the global assignment NUM_PARALLEL_PROCESSORS in your QSF to an appropriate value for best performance.
Info (20030): Parallel compilation is enabled and will use 6 of the 6 processors detected
Info (21077): Low junction temperature is 0 degrees C
Info (21077): High junction temperature is 85 degrees C
Info (334003): Started post-fitting delay annotation
Info (334004): Delay annotation completed successfully
Critical Warning (332012): Synopsys Design Constraints File file not found: 'SistemaDeIrrigacao.sdc'. A Synopsys Design Constraints File is required by the Timing Analyzer to get proper timing constraints. Without it, the Compiler will not properly optimize the design.
Info (332142): No user constrained base clocks found in the design. Calling "derive_clocks -period 1.0"
Info (332105): Deriving Clocks
    Info (332105): create_clock -period 1.000 -name divisorLeds:divisor|d_ff:dff_14|Q divisorLeds:divisor|d_ff:dff_14|Q
    Info (332105): create_clock -period 1.000 -name divisorLeds:divisor|d_ff:dff_15|Q divisorLeds:divisor|d_ff:dff_15|Q
    Info (332105): create_clock -period 1.000 -name divisorLeds:divisor|d_ff:dff_13|Q divisorLeds:divisor|d_ff:dff_13|Q
    Info (332105): create_clock -period 1.000 -name divisorLeds:divisor|d_ff:dff_12|Q divisorLeds:divisor|d_ff:dff_12|Q
    Info (332105): create_clock -period 1.000 -name divisorLeds:divisor|d_ff:dff_11|Q divisorLeds:divisor|d_ff:dff_11|Q
    Info (332105): create_clock -period 1.000 -name divisorLeds:divisor|d_ff:dff_10|Q divisorLeds:divisor|d_ff:dff_10|Q
    Info (332105): create_clock -period 1.000 -name divisorLeds:divisor|d_ff:dff_9|Q divisorLeds:divisor|d_ff:dff_9|Q
    Info (332105): create_clock -period 1.000 -name divisorLeds:divisor|d_ff:dff_8|Q divisorLeds:divisor|d_ff:dff_8|Q
    Info (332105): create_clock -period 1.000 -name divisorLeds:divisor|d_ff:dff_7|Q divisorLeds:divisor|d_ff:dff_7|Q
    Info (332105): create_clock -period 1.000 -name divisorLeds:divisor|d_ff:dff_6|Q divisorLeds:divisor|d_ff:dff_6|Q
    Info (332105): create_clock -period 1.000 -name divisorLeds:divisor|d_ff:dff_5|Q divisorLeds:divisor|d_ff:dff_5|Q
    Info (332105): create_clock -period 1.000 -name divisorLeds:divisor|d_ff:dff_4|Q divisorLeds:divisor|d_ff:dff_4|Q
    Info (332105): create_clock -period 1.000 -name divisorLeds:divisor|d_ff:dff_3|Q divisorLeds:divisor|d_ff:dff_3|Q
    Info (332105): create_clock -period 1.000 -name divisorLeds:divisor|d_ff:dff_2|Q divisorLeds:divisor|d_ff:dff_2|Q
    Info (332105): create_clock -period 1.000 -name divisorLeds:divisor|d_ff:dff_1|Q divisorLeds:divisor|d_ff:dff_1|Q
    Info (332105): create_clock -period 1.000 -name divisorLeds:divisor|d_ff:dff_0|Q divisorLeds:divisor|d_ff:dff_0|Q
    Info (332105): create_clock -period 1.000 -name clk clk
Info: Found TIMING_ANALYZER_REPORT_SCRIPT_INCLUDE_DEFAULT_ANALYSIS = ON
Info: Can't run Report Timing Closure Recommendations. The current device family is not supported.
Critical Warning (332148): Timing requirements not met
Info (332146): Worst-case setup slack is -1.206
    Info (332119):     Slack       End Point TNS Clock 
    Info (332119): ========= =================== =====================
    Info (332119):    -1.206              -5.408 divisorLeds:divisor|d_ff:dff_15|Q 
    Info (332119):     0.466               0.000 divisorLeds:divisor|d_ff:dff_0|Q 
    Info (332119):     0.466               0.000 divisorLeds:divisor|d_ff:dff_12|Q 
    Info (332119):     0.466               0.000 divisorLeds:divisor|d_ff:dff_9|Q 
    Info (332119):     0.467               0.000 divisorLeds:divisor|d_ff:dff_14|Q 
    Info (332119):     0.467               0.000 divisorLeds:divisor|d_ff:dff_2|Q 
    Info (332119):     0.467               0.000 divisorLeds:divisor|d_ff:dff_4|Q 
    Info (332119):     0.467               0.000 divisorLeds:divisor|d_ff:dff_6|Q 
    Info (332119):     0.807               0.000 divisorLeds:divisor|d_ff:dff_5|Q 
    Info (332119):     0.825               0.000 divisorLeds:divisor|d_ff:dff_13|Q 
    Info (332119):     0.826               0.000 divisorLeds:divisor|d_ff:dff_7|Q 
    Info (332119):     0.828               0.000 divisorLeds:divisor|d_ff:dff_3|Q 
    Info (332119):     0.833               0.000 divisorLeds:divisor|d_ff:dff_1|Q 
    Info (332119):     0.965               0.000 divisorLeds:divisor|d_ff:dff_10|Q 
    Info (332119):     1.227               0.000 divisorLeds:divisor|d_ff:dff_11|Q 
    Info (332119):     1.269               0.000 divisorLeds:divisor|d_ff:dff_8|Q 
    Info (332119):     2.963               0.000 clk 
Info (332146): Worst-case hold slack is -3.017
    Info (332119):     Slack       End Point TNS Clock 
    Info (332119): ========= =================== =====================
    Info (332119):    -3.017              -3.017 clk 
    Info (332119):    -1.323              -1.323 divisorLeds:divisor|d_ff:dff_8|Q 
    Info (332119):    -1.281              -1.281 divisorLeds:divisor|d_ff:dff_11|Q 
    Info (332119):    -1.019              -1.019 divisorLeds:divisor|d_ff:dff_10|Q 
    Info (332119):    -0.887              -0.887 divisorLeds:divisor|d_ff:dff_1|Q 
    Info (332119):    -0.882              -0.882 divisorLeds:divisor|d_ff:dff_3|Q 
    Info (332119):    -0.880              -0.880 divisorLeds:divisor|d_ff:dff_7|Q 
    Info (332119):    -0.879              -0.879 divisorLeds:divisor|d_ff:dff_13|Q 
    Info (332119):    -0.861              -0.861 divisorLeds:divisor|d_ff:dff_5|Q 
    Info (332119):    -0.521              -0.521 divisorLeds:divisor|d_ff:dff_14|Q 
    Info (332119):    -0.521              -0.521 divisorLeds:divisor|d_ff:dff_2|Q 
    Info (332119):    -0.521              -0.521 divisorLeds:divisor|d_ff:dff_4|Q 
    Info (332119):    -0.521              -0.521 divisorLeds:divisor|d_ff:dff_6|Q 
    Info (332119):    -0.520              -0.520 divisorLeds:divisor|d_ff:dff_0|Q 
    Info (332119):    -0.520              -0.520 divisorLeds:divisor|d_ff:dff_12|Q 
    Info (332119):    -0.520              -0.520 divisorLeds:divisor|d_ff:dff_9|Q 
    Info (332119):     1.427               0.000 divisorLeds:divisor|d_ff:dff_15|Q 
Info (332140): No Recovery paths to report
Info (332140): No Removal paths to report
Info (332146): Worst-case minimum pulse width slack is -2.289
    Info (332119):     Slack       End Point TNS Clock 
    Info (332119): ========= =================== =====================
    Info (332119):    -2.289              -2.289 clk 
    Info (332119):     0.234               0.000 divisorLeds:divisor|d_ff:dff_0|Q 
    Info (332119):     0.234               0.000 divisorLeds:divisor|d_ff:dff_10|Q 
    Info (332119):     0.234               0.000 divisorLeds:divisor|d_ff:dff_11|Q 
    Info (332119):     0.234               0.000 divisorLeds:divisor|d_ff:dff_12|Q 
    Info (332119):     0.234               0.000 divisorLeds:divisor|d_ff:dff_13|Q 
    Info (332119):     0.234               0.000 divisorLeds:divisor|d_ff:dff_14|Q 
    Info (332119):     0.234               0.000 divisorLeds:divisor|d_ff:dff_15|Q 
    Info (332119):     0.234               0.000 divisorLeds:divisor|d_ff:dff_1|Q 
    Info (332119):     0.234               0.000 divisorLeds:divisor|d_ff:dff_2|Q 
    Info (332119):     0.234               0.000 divisorLeds:divisor|d_ff:dff_3|Q 
    Info (332119):     0.234               0.000 divisorLeds:divisor|d_ff:dff_4|Q 
    Info (332119):     0.234               0.000 divisorLeds:divisor|d_ff:dff_5|Q 
    Info (332119):     0.234               0.000 divisorLeds:divisor|d_ff:dff_6|Q 
    Info (332119):     0.234               0.000 divisorLeds:divisor|d_ff:dff_7|Q 
    Info (332119):     0.234               0.000 divisorLeds:divisor|d_ff:dff_8|Q 
    Info (332119):     0.234               0.000 divisorLeds:divisor|d_ff:dff_9|Q 
Info (332001): The selected device family is not supported by the report_metastability command.
Info (332102): Design is not fully constrained for setup requirements
Info (332102): Design is not fully constrained for hold requirements
Info: Quartus Prime Timing Analyzer was successful. 0 errors, 3 warnings
    Info: Peak virtual memory: 365 megabytes
    Info: Processing ended: Thu Jun  6 11:42:39 2024
    Info: Elapsed time: 00:00:00
    Info: Total CPU time (on all processors): 00:00:00


