Timing Analyzer report for SistemaDeIrrigacao
Wed Jun  5 20:35:03 2024
Quartus Prime Version 23.1std.0 Build 991 11/28/2023 SC Lite Edition


---------------------
; Table of Contents ;
---------------------
  1. Legal Notice
  2. Timing Analyzer Summary
  3. Parallel Compilation
  4. Clocks
  5. Fmax Summary
  6. Setup Summary
  7. Hold Summary
  8. Recovery Summary
  9. Removal Summary
 10. Minimum Pulse Width Summary
 11. Setup: 'ff_d:dff_24|Q'
 12. Setup: 'ff_d:dff_22|Q'
 13. Setup: 'ff_d:dff_14|Q'
 14. Setup: 'ff_d:dff_18|Q'
 15. Setup: 'ff_d:dff_2|Q'
 16. Setup: 'ff_d:dff_8|Q'
 17. Setup: 'ff_d:dff_10|Q'
 18. Setup: 'ff_d:dff_12|Q'
 19. Setup: 'ff_d:dff_16|Q'
 20. Setup: 'ff_d:dff_20|Q'
 21. Setup: 'ff_d:dff_4|Q'
 22. Setup: 'ff_d:dff_6|Q'
 23. Setup: 'ff_d:dff_0|Q'
 24. Setup: 'ff_d:dff_11|Q'
 25. Setup: 'ff_d:dff_9|Q'
 26. Setup: 'ff_d:dff_21|Q'
 27. Setup: 'ff_d:dff_19|Q'
 28. Setup: 'ff_d:dff_5|Q'
 29. Setup: 'ff_d:dff_3|Q'
 30. Setup: 'ff_d:dff_15|Q'
 31. Setup: 'ff_d:dff_13|Q'
 32. Setup: 'ff_d:dff_1|Q'
 33. Setup: 'ff_d:dff_7|Q'
 34. Setup: 'ff_d:dff_23|Q'
 35. Setup: 'clk'
 36. Setup: 'ff_d:dff_17|Q'
 37. Hold: 'ff_d:dff_17|Q'
 38. Hold: 'clk'
 39. Hold: 'ff_d:dff_23|Q'
 40. Hold: 'ff_d:dff_7|Q'
 41. Hold: 'ff_d:dff_1|Q'
 42. Hold: 'ff_d:dff_13|Q'
 43. Hold: 'ff_d:dff_15|Q'
 44. Hold: 'ff_d:dff_3|Q'
 45. Hold: 'ff_d:dff_5|Q'
 46. Hold: 'ff_d:dff_19|Q'
 47. Hold: 'ff_d:dff_21|Q'
 48. Hold: 'ff_d:dff_11|Q'
 49. Hold: 'ff_d:dff_9|Q'
 50. Hold: 'ff_d:dff_0|Q'
 51. Hold: 'ff_d:dff_10|Q'
 52. Hold: 'ff_d:dff_12|Q'
 53. Hold: 'ff_d:dff_16|Q'
 54. Hold: 'ff_d:dff_20|Q'
 55. Hold: 'ff_d:dff_4|Q'
 56. Hold: 'ff_d:dff_6|Q'
 57. Hold: 'ff_d:dff_14|Q'
 58. Hold: 'ff_d:dff_18|Q'
 59. Hold: 'ff_d:dff_2|Q'
 60. Hold: 'ff_d:dff_8|Q'
 61. Hold: 'ff_d:dff_22|Q'
 62. Hold: 'ff_d:dff_24|Q'
 63. Setup Transfers
 64. Hold Transfers
 65. Report TCCS
 66. Report RSKM
 67. Unconstrained Paths Summary
 68. Clock Status Summary
 69. Unconstrained Output Ports
 70. Unconstrained Output Ports
 71. Timing Analyzer Messages



----------------
; Legal Notice ;
----------------
Copyright (C) 2023  Intel Corporation. All rights reserved.
Your use of Intel Corporation's design tools, logic functions 
and other software and tools, and any partner logic 
functions, and any output files from any of the foregoing 
(including device programming or simulation files), and any 
associated documentation or information are expressly subject 
to the terms and conditions of the Intel Program License 
Subscription Agreement, the Intel Quartus Prime License Agreement,
the Intel FPGA IP License Agreement, or other applicable license
agreement, including, without limitation, that your use is for
the sole purpose of programming logic devices manufactured by
Intel and sold by Intel or its authorized distributors.  Please
refer to the applicable agreement for further details, at
https://fpgasoftware.intel.com/eula.



+--------------------------------------------------------------------------------+
; Timing Analyzer Summary                                                        ;
+-----------------------+--------------------------------------------------------+
; Quartus Prime Version ; Version 23.1std.0 Build 991 11/28/2023 SC Lite Edition ;
; Timing Analyzer       ; Legacy Timing Analyzer                                 ;
; Revision Name         ; SistemaDeIrrigacao                                     ;
; Device Family         ; MAX II                                                 ;
; Device Name           ; EPM240T100C5                                           ;
; Timing Models         ; Final                                                  ;
; Delay Model           ; Slow Model                                             ;
; Rise/Fall Delays      ; Unavailable                                            ;
+-----------------------+--------------------------------------------------------+


+------------------------------------------+
; Parallel Compilation                     ;
+----------------------------+-------------+
; Processors                 ; Number      ;
+----------------------------+-------------+
; Number detected on machine ; 8           ;
; Maximum allowed            ; 4           ;
;                            ;             ;
; Average used               ; 1.00        ;
; Maximum used               ; 4           ;
;                            ;             ;
; Usage by Processor         ; % Time Used ;
;     Processor 1            ; 100.0%      ;
;     Processor 2            ;   0.1%      ;
;     Processors 3-4         ;   0.1%      ;
+----------------------------+-------------+


+----------------------------------------------------------------------------------------------------------------------------------------------------------------------------------------------+
; Clocks                                                                                                                                                                                       ;
+---------------+------+--------+------------+-------+-------+------------+-----------+-------------+-------+--------+-----------+------------+----------+--------+--------+-------------------+
; Clock Name    ; Type ; Period ; Frequency  ; Rise  ; Fall  ; Duty Cycle ; Divide by ; Multiply by ; Phase ; Offset ; Edge List ; Edge Shift ; Inverted ; Master ; Source ; Targets           ;
+---------------+------+--------+------------+-------+-------+------------+-----------+-------------+-------+--------+-----------+------------+----------+--------+--------+-------------------+
; clk           ; Base ; 1.000  ; 1000.0 MHz ; 0.000 ; 0.500 ;            ;           ;             ;       ;        ;           ;            ;          ;        ;        ; { clk }           ;
; ff_d:dff_0|Q  ; Base ; 1.000  ; 1000.0 MHz ; 0.000 ; 0.500 ;            ;           ;             ;       ;        ;           ;            ;          ;        ;        ; { ff_d:dff_0|Q }  ;
; ff_d:dff_1|Q  ; Base ; 1.000  ; 1000.0 MHz ; 0.000 ; 0.500 ;            ;           ;             ;       ;        ;           ;            ;          ;        ;        ; { ff_d:dff_1|Q }  ;
; ff_d:dff_2|Q  ; Base ; 1.000  ; 1000.0 MHz ; 0.000 ; 0.500 ;            ;           ;             ;       ;        ;           ;            ;          ;        ;        ; { ff_d:dff_2|Q }  ;
; ff_d:dff_3|Q  ; Base ; 1.000  ; 1000.0 MHz ; 0.000 ; 0.500 ;            ;           ;             ;       ;        ;           ;            ;          ;        ;        ; { ff_d:dff_3|Q }  ;
; ff_d:dff_4|Q  ; Base ; 1.000  ; 1000.0 MHz ; 0.000 ; 0.500 ;            ;           ;             ;       ;        ;           ;            ;          ;        ;        ; { ff_d:dff_4|Q }  ;
; ff_d:dff_5|Q  ; Base ; 1.000  ; 1000.0 MHz ; 0.000 ; 0.500 ;            ;           ;             ;       ;        ;           ;            ;          ;        ;        ; { ff_d:dff_5|Q }  ;
; ff_d:dff_6|Q  ; Base ; 1.000  ; 1000.0 MHz ; 0.000 ; 0.500 ;            ;           ;             ;       ;        ;           ;            ;          ;        ;        ; { ff_d:dff_6|Q }  ;
; ff_d:dff_7|Q  ; Base ; 1.000  ; 1000.0 MHz ; 0.000 ; 0.500 ;            ;           ;             ;       ;        ;           ;            ;          ;        ;        ; { ff_d:dff_7|Q }  ;
; ff_d:dff_8|Q  ; Base ; 1.000  ; 1000.0 MHz ; 0.000 ; 0.500 ;            ;           ;             ;       ;        ;           ;            ;          ;        ;        ; { ff_d:dff_8|Q }  ;
; ff_d:dff_9|Q  ; Base ; 1.000  ; 1000.0 MHz ; 0.000 ; 0.500 ;            ;           ;             ;       ;        ;           ;            ;          ;        ;        ; { ff_d:dff_9|Q }  ;
; ff_d:dff_10|Q ; Base ; 1.000  ; 1000.0 MHz ; 0.000 ; 0.500 ;            ;           ;             ;       ;        ;           ;            ;          ;        ;        ; { ff_d:dff_10|Q } ;
; ff_d:dff_11|Q ; Base ; 1.000  ; 1000.0 MHz ; 0.000 ; 0.500 ;            ;           ;             ;       ;        ;           ;            ;          ;        ;        ; { ff_d:dff_11|Q } ;
; ff_d:dff_12|Q ; Base ; 1.000  ; 1000.0 MHz ; 0.000 ; 0.500 ;            ;           ;             ;       ;        ;           ;            ;          ;        ;        ; { ff_d:dff_12|Q } ;
; ff_d:dff_13|Q ; Base ; 1.000  ; 1000.0 MHz ; 0.000 ; 0.500 ;            ;           ;             ;       ;        ;           ;            ;          ;        ;        ; { ff_d:dff_13|Q } ;
; ff_d:dff_14|Q ; Base ; 1.000  ; 1000.0 MHz ; 0.000 ; 0.500 ;            ;           ;             ;       ;        ;           ;            ;          ;        ;        ; { ff_d:dff_14|Q } ;
; ff_d:dff_15|Q ; Base ; 1.000  ; 1000.0 MHz ; 0.000 ; 0.500 ;            ;           ;             ;       ;        ;           ;            ;          ;        ;        ; { ff_d:dff_15|Q } ;
; ff_d:dff_16|Q ; Base ; 1.000  ; 1000.0 MHz ; 0.000 ; 0.500 ;            ;           ;             ;       ;        ;           ;            ;          ;        ;        ; { ff_d:dff_16|Q } ;
; ff_d:dff_17|Q ; Base ; 1.000  ; 1000.0 MHz ; 0.000 ; 0.500 ;            ;           ;             ;       ;        ;           ;            ;          ;        ;        ; { ff_d:dff_17|Q } ;
; ff_d:dff_18|Q ; Base ; 1.000  ; 1000.0 MHz ; 0.000 ; 0.500 ;            ;           ;             ;       ;        ;           ;            ;          ;        ;        ; { ff_d:dff_18|Q } ;
; ff_d:dff_19|Q ; Base ; 1.000  ; 1000.0 MHz ; 0.000 ; 0.500 ;            ;           ;             ;       ;        ;           ;            ;          ;        ;        ; { ff_d:dff_19|Q } ;
; ff_d:dff_20|Q ; Base ; 1.000  ; 1000.0 MHz ; 0.000 ; 0.500 ;            ;           ;             ;       ;        ;           ;            ;          ;        ;        ; { ff_d:dff_20|Q } ;
; ff_d:dff_21|Q ; Base ; 1.000  ; 1000.0 MHz ; 0.000 ; 0.500 ;            ;           ;             ;       ;        ;           ;            ;          ;        ;        ; { ff_d:dff_21|Q } ;
; ff_d:dff_22|Q ; Base ; 1.000  ; 1000.0 MHz ; 0.000 ; 0.500 ;            ;           ;             ;       ;        ;           ;            ;          ;        ;        ; { ff_d:dff_22|Q } ;
; ff_d:dff_23|Q ; Base ; 1.000  ; 1000.0 MHz ; 0.000 ; 0.500 ;            ;           ;             ;       ;        ;           ;            ;          ;        ;        ; { ff_d:dff_23|Q } ;
; ff_d:dff_24|Q ; Base ; 1.000  ; 1000.0 MHz ; 0.000 ; 0.500 ;            ;           ;             ;       ;        ;           ;            ;          ;        ;        ; { ff_d:dff_24|Q } ;
+---------------+------+--------+------------+-------+-------+------------+-----------+-------------+-------+--------+-----------+------------+----------+--------+--------+-------------------+


+-----------------------------------------------------+
; Fmax Summary                                        ;
+------------+-----------------+---------------+------+
; Fmax       ; Restricted Fmax ; Clock Name    ; Note ;
+------------+-----------------+---------------+------+
; 455.79 MHz ; 455.79 MHz      ; ff_d:dff_24|Q ;      ;
+------------+-----------------+---------------+------+
This panel reports FMAX for every clock in the design, regardless of the user-specified clock periods.  FMAX is only computed for paths where the source and destination registers or ports are driven by the same clock.  Paths of different clocks, including generated clocks, are ignored.  For paths between a clock and its inversion, FMAX is computed as if the rising and falling edges are scaled along with FMAX, such that the duty cycle (in terms of a percentage) is maintained. Altera recommends that you always use clock constraints and other slack reports for sign-off analysis.


+----------------------------------------+
; Setup Summary                          ;
+---------------+--------+---------------+
; Clock         ; Slack  ; End Point TNS ;
+---------------+--------+---------------+
; ff_d:dff_24|Q ; -1.194 ; -1.194        ;
; ff_d:dff_22|Q ; 0.457  ; 0.000         ;
; ff_d:dff_14|Q ; 0.466  ; 0.000         ;
; ff_d:dff_18|Q ; 0.466  ; 0.000         ;
; ff_d:dff_2|Q  ; 0.466  ; 0.000         ;
; ff_d:dff_8|Q  ; 0.466  ; 0.000         ;
; ff_d:dff_10|Q ; 0.467  ; 0.000         ;
; ff_d:dff_12|Q ; 0.467  ; 0.000         ;
; ff_d:dff_16|Q ; 0.467  ; 0.000         ;
; ff_d:dff_20|Q ; 0.467  ; 0.000         ;
; ff_d:dff_4|Q  ; 0.467  ; 0.000         ;
; ff_d:dff_6|Q  ; 0.467  ; 0.000         ;
; ff_d:dff_0|Q  ; 0.469  ; 0.000         ;
; ff_d:dff_11|Q ; 0.808  ; 0.000         ;
; ff_d:dff_9|Q  ; 0.808  ; 0.000         ;
; ff_d:dff_21|Q ; 0.810  ; 0.000         ;
; ff_d:dff_19|Q ; 0.825  ; 0.000         ;
; ff_d:dff_5|Q  ; 0.828  ; 0.000         ;
; ff_d:dff_3|Q  ; 0.833  ; 0.000         ;
; ff_d:dff_15|Q ; 0.852  ; 0.000         ;
; ff_d:dff_13|Q ; 1.173  ; 0.000         ;
; ff_d:dff_1|Q  ; 1.311  ; 0.000         ;
; ff_d:dff_7|Q  ; 1.377  ; 0.000         ;
; ff_d:dff_23|Q ; 1.405  ; 0.000         ;
; clk           ; 1.648  ; 0.000         ;
; ff_d:dff_17|Q ; 1.777  ; 0.000         ;
+---------------+--------+---------------+


+----------------------------------------+
; Hold Summary                           ;
+---------------+--------+---------------+
; Clock         ; Slack  ; End Point TNS ;
+---------------+--------+---------------+
; ff_d:dff_17|Q ; -1.831 ; -1.831        ;
; clk           ; -1.702 ; -1.702        ;
; ff_d:dff_23|Q ; -1.459 ; -1.459        ;
; ff_d:dff_7|Q  ; -1.431 ; -1.431        ;
; ff_d:dff_1|Q  ; -1.365 ; -1.365        ;
; ff_d:dff_13|Q ; -1.227 ; -1.227        ;
; ff_d:dff_15|Q ; -0.906 ; -0.906        ;
; ff_d:dff_3|Q  ; -0.887 ; -0.887        ;
; ff_d:dff_5|Q  ; -0.882 ; -0.882        ;
; ff_d:dff_19|Q ; -0.879 ; -0.879        ;
; ff_d:dff_21|Q ; -0.864 ; -0.864        ;
; ff_d:dff_11|Q ; -0.862 ; -0.862        ;
; ff_d:dff_9|Q  ; -0.862 ; -0.862        ;
; ff_d:dff_0|Q  ; -0.523 ; -0.523        ;
; ff_d:dff_10|Q ; -0.521 ; -0.521        ;
; ff_d:dff_12|Q ; -0.521 ; -0.521        ;
; ff_d:dff_16|Q ; -0.521 ; -0.521        ;
; ff_d:dff_20|Q ; -0.521 ; -0.521        ;
; ff_d:dff_4|Q  ; -0.521 ; -0.521        ;
; ff_d:dff_6|Q  ; -0.521 ; -0.521        ;
; ff_d:dff_14|Q ; -0.520 ; -0.520        ;
; ff_d:dff_18|Q ; -0.520 ; -0.520        ;
; ff_d:dff_2|Q  ; -0.520 ; -0.520        ;
; ff_d:dff_8|Q  ; -0.520 ; -0.520        ;
; ff_d:dff_22|Q ; -0.511 ; -0.511        ;
; ff_d:dff_24|Q ; 1.640  ; 0.000         ;
+---------------+--------+---------------+


--------------------
; Recovery Summary ;
--------------------
No paths to report.


-------------------
; Removal Summary ;
-------------------
No paths to report.


+----------------------------------------+
; Minimum Pulse Width Summary            ;
+---------------+--------+---------------+
; Clock         ; Slack  ; End Point TNS ;
+---------------+--------+---------------+
; clk           ; -2.289 ; -2.289        ;
; ff_d:dff_0|Q  ; 0.234  ; 0.000         ;
; ff_d:dff_10|Q ; 0.234  ; 0.000         ;
; ff_d:dff_11|Q ; 0.234  ; 0.000         ;
; ff_d:dff_12|Q ; 0.234  ; 0.000         ;
; ff_d:dff_13|Q ; 0.234  ; 0.000         ;
; ff_d:dff_14|Q ; 0.234  ; 0.000         ;
; ff_d:dff_15|Q ; 0.234  ; 0.000         ;
; ff_d:dff_16|Q ; 0.234  ; 0.000         ;
; ff_d:dff_17|Q ; 0.234  ; 0.000         ;
; ff_d:dff_18|Q ; 0.234  ; 0.000         ;
; ff_d:dff_19|Q ; 0.234  ; 0.000         ;
; ff_d:dff_1|Q  ; 0.234  ; 0.000         ;
; ff_d:dff_20|Q ; 0.234  ; 0.000         ;
; ff_d:dff_21|Q ; 0.234  ; 0.000         ;
; ff_d:dff_22|Q ; 0.234  ; 0.000         ;
; ff_d:dff_23|Q ; 0.234  ; 0.000         ;
; ff_d:dff_24|Q ; 0.234  ; 0.000         ;
; ff_d:dff_2|Q  ; 0.234  ; 0.000         ;
; ff_d:dff_3|Q  ; 0.234  ; 0.000         ;
; ff_d:dff_4|Q  ; 0.234  ; 0.000         ;
; ff_d:dff_5|Q  ; 0.234  ; 0.000         ;
; ff_d:dff_6|Q  ; 0.234  ; 0.000         ;
; ff_d:dff_7|Q  ; 0.234  ; 0.000         ;
; ff_d:dff_8|Q  ; 0.234  ; 0.000         ;
; ff_d:dff_9|Q  ; 0.234  ; 0.000         ;
+---------------+--------+---------------+


+-----------------------------------------------------------------------------------------------------------------+
; Setup: 'ff_d:dff_24|Q'                                                                                          ;
+--------+---------------+---------------+---------------+---------------+--------------+------------+------------+
; Slack  ; From Node     ; To Node       ; Launch Clock  ; Latch Clock   ; Relationship ; Clock Skew ; Data Delay ;
+--------+---------------+---------------+---------------+---------------+--------------+------------+------------+
; -1.194 ; ff_d:dff_25|Q ; ff_d:dff_25|Q ; ff_d:dff_24|Q ; ff_d:dff_24|Q ; 1.000        ; 0.000      ; 1.861      ;
+--------+---------------+---------------+---------------+---------------+--------------+------------+------------+


+----------------------------------------------------------------------------------------------------------------+
; Setup: 'ff_d:dff_22|Q'                                                                                         ;
+-------+---------------+---------------+---------------+---------------+--------------+------------+------------+
; Slack ; From Node     ; To Node       ; Launch Clock  ; Latch Clock   ; Relationship ; Clock Skew ; Data Delay ;
+-------+---------------+---------------+---------------+---------------+--------------+------------+------------+
; 0.457 ; ff_d:dff_23|Q ; ff_d:dff_23|Q ; ff_d:dff_23|Q ; ff_d:dff_22|Q ; 0.500        ; 1.793      ; 1.879      ;
; 0.957 ; ff_d:dff_23|Q ; ff_d:dff_23|Q ; ff_d:dff_23|Q ; ff_d:dff_22|Q ; 1.000        ; 1.793      ; 1.879      ;
+-------+---------------+---------------+---------------+---------------+--------------+------------+------------+


+----------------------------------------------------------------------------------------------------------------+
; Setup: 'ff_d:dff_14|Q'                                                                                         ;
+-------+---------------+---------------+---------------+---------------+--------------+------------+------------+
; Slack ; From Node     ; To Node       ; Launch Clock  ; Latch Clock   ; Relationship ; Clock Skew ; Data Delay ;
+-------+---------------+---------------+---------------+---------------+--------------+------------+------------+
; 0.466 ; ff_d:dff_15|Q ; ff_d:dff_15|Q ; ff_d:dff_15|Q ; ff_d:dff_14|Q ; 0.500        ; 1.784      ; 1.861      ;
; 0.966 ; ff_d:dff_15|Q ; ff_d:dff_15|Q ; ff_d:dff_15|Q ; ff_d:dff_14|Q ; 1.000        ; 1.784      ; 1.861      ;
+-------+---------------+---------------+---------------+---------------+--------------+------------+------------+


+----------------------------------------------------------------------------------------------------------------+
; Setup: 'ff_d:dff_18|Q'                                                                                         ;
+-------+---------------+---------------+---------------+---------------+--------------+------------+------------+
; Slack ; From Node     ; To Node       ; Launch Clock  ; Latch Clock   ; Relationship ; Clock Skew ; Data Delay ;
+-------+---------------+---------------+---------------+---------------+--------------+------------+------------+
; 0.466 ; ff_d:dff_19|Q ; ff_d:dff_19|Q ; ff_d:dff_19|Q ; ff_d:dff_18|Q ; 0.500        ; 1.784      ; 1.861      ;
; 0.966 ; ff_d:dff_19|Q ; ff_d:dff_19|Q ; ff_d:dff_19|Q ; ff_d:dff_18|Q ; 1.000        ; 1.784      ; 1.861      ;
+-------+---------------+---------------+---------------+---------------+--------------+------------+------------+


+------------------------------------------------------------------------------------------------------------+
; Setup: 'ff_d:dff_2|Q'                                                                                      ;
+-------+--------------+--------------+--------------+--------------+--------------+------------+------------+
; Slack ; From Node    ; To Node      ; Launch Clock ; Latch Clock  ; Relationship ; Clock Skew ; Data Delay ;
+-------+--------------+--------------+--------------+--------------+--------------+------------+------------+
; 0.466 ; ff_d:dff_3|Q ; ff_d:dff_3|Q ; ff_d:dff_3|Q ; ff_d:dff_2|Q ; 0.500        ; 1.784      ; 1.861      ;
; 0.966 ; ff_d:dff_3|Q ; ff_d:dff_3|Q ; ff_d:dff_3|Q ; ff_d:dff_2|Q ; 1.000        ; 1.784      ; 1.861      ;
+-------+--------------+--------------+--------------+--------------+--------------+------------+------------+


+------------------------------------------------------------------------------------------------------------+
; Setup: 'ff_d:dff_8|Q'                                                                                      ;
+-------+--------------+--------------+--------------+--------------+--------------+------------+------------+
; Slack ; From Node    ; To Node      ; Launch Clock ; Latch Clock  ; Relationship ; Clock Skew ; Data Delay ;
+-------+--------------+--------------+--------------+--------------+--------------+------------+------------+
; 0.466 ; ff_d:dff_9|Q ; ff_d:dff_9|Q ; ff_d:dff_9|Q ; ff_d:dff_8|Q ; 0.500        ; 1.784      ; 1.861      ;
; 0.966 ; ff_d:dff_9|Q ; ff_d:dff_9|Q ; ff_d:dff_9|Q ; ff_d:dff_8|Q ; 1.000        ; 1.784      ; 1.861      ;
+-------+--------------+--------------+--------------+--------------+--------------+------------+------------+


+----------------------------------------------------------------------------------------------------------------+
; Setup: 'ff_d:dff_10|Q'                                                                                         ;
+-------+---------------+---------------+---------------+---------------+--------------+------------+------------+
; Slack ; From Node     ; To Node       ; Launch Clock  ; Latch Clock   ; Relationship ; Clock Skew ; Data Delay ;
+-------+---------------+---------------+---------------+---------------+--------------+------------+------------+
; 0.467 ; ff_d:dff_11|Q ; ff_d:dff_11|Q ; ff_d:dff_11|Q ; ff_d:dff_10|Q ; 0.500        ; 1.784      ; 1.860      ;
; 0.967 ; ff_d:dff_11|Q ; ff_d:dff_11|Q ; ff_d:dff_11|Q ; ff_d:dff_10|Q ; 1.000        ; 1.784      ; 1.860      ;
+-------+---------------+---------------+---------------+---------------+--------------+------------+------------+


+----------------------------------------------------------------------------------------------------------------+
; Setup: 'ff_d:dff_12|Q'                                                                                         ;
+-------+---------------+---------------+---------------+---------------+--------------+------------+------------+
; Slack ; From Node     ; To Node       ; Launch Clock  ; Latch Clock   ; Relationship ; Clock Skew ; Data Delay ;
+-------+---------------+---------------+---------------+---------------+--------------+------------+------------+
; 0.467 ; ff_d:dff_13|Q ; ff_d:dff_13|Q ; ff_d:dff_13|Q ; ff_d:dff_12|Q ; 0.500        ; 1.784      ; 1.860      ;
; 0.967 ; ff_d:dff_13|Q ; ff_d:dff_13|Q ; ff_d:dff_13|Q ; ff_d:dff_12|Q ; 1.000        ; 1.784      ; 1.860      ;
+-------+---------------+---------------+---------------+---------------+--------------+------------+------------+


+----------------------------------------------------------------------------------------------------------------+
; Setup: 'ff_d:dff_16|Q'                                                                                         ;
+-------+---------------+---------------+---------------+---------------+--------------+------------+------------+
; Slack ; From Node     ; To Node       ; Launch Clock  ; Latch Clock   ; Relationship ; Clock Skew ; Data Delay ;
+-------+---------------+---------------+---------------+---------------+--------------+------------+------------+
; 0.467 ; ff_d:dff_17|Q ; ff_d:dff_17|Q ; ff_d:dff_17|Q ; ff_d:dff_16|Q ; 0.500        ; 1.785      ; 1.861      ;
; 0.967 ; ff_d:dff_17|Q ; ff_d:dff_17|Q ; ff_d:dff_17|Q ; ff_d:dff_16|Q ; 1.000        ; 1.785      ; 1.861      ;
+-------+---------------+---------------+---------------+---------------+--------------+------------+------------+


+----------------------------------------------------------------------------------------------------------------+
; Setup: 'ff_d:dff_20|Q'                                                                                         ;
+-------+---------------+---------------+---------------+---------------+--------------+------------+------------+
; Slack ; From Node     ; To Node       ; Launch Clock  ; Latch Clock   ; Relationship ; Clock Skew ; Data Delay ;
+-------+---------------+---------------+---------------+---------------+--------------+------------+------------+
; 0.467 ; ff_d:dff_21|Q ; ff_d:dff_21|Q ; ff_d:dff_21|Q ; ff_d:dff_20|Q ; 0.500        ; 1.785      ; 1.861      ;
; 0.967 ; ff_d:dff_21|Q ; ff_d:dff_21|Q ; ff_d:dff_21|Q ; ff_d:dff_20|Q ; 1.000        ; 1.785      ; 1.861      ;
+-------+---------------+---------------+---------------+---------------+--------------+------------+------------+


+------------------------------------------------------------------------------------------------------------+
; Setup: 'ff_d:dff_4|Q'                                                                                      ;
+-------+--------------+--------------+--------------+--------------+--------------+------------+------------+
; Slack ; From Node    ; To Node      ; Launch Clock ; Latch Clock  ; Relationship ; Clock Skew ; Data Delay ;
+-------+--------------+--------------+--------------+--------------+--------------+------------+------------+
; 0.467 ; ff_d:dff_5|Q ; ff_d:dff_5|Q ; ff_d:dff_5|Q ; ff_d:dff_4|Q ; 0.500        ; 1.784      ; 1.860      ;
; 0.967 ; ff_d:dff_5|Q ; ff_d:dff_5|Q ; ff_d:dff_5|Q ; ff_d:dff_4|Q ; 1.000        ; 1.784      ; 1.860      ;
+-------+--------------+--------------+--------------+--------------+--------------+------------+------------+


+------------------------------------------------------------------------------------------------------------+
; Setup: 'ff_d:dff_6|Q'                                                                                      ;
+-------+--------------+--------------+--------------+--------------+--------------+------------+------------+
; Slack ; From Node    ; To Node      ; Launch Clock ; Latch Clock  ; Relationship ; Clock Skew ; Data Delay ;
+-------+--------------+--------------+--------------+--------------+--------------+------------+------------+
; 0.467 ; ff_d:dff_7|Q ; ff_d:dff_7|Q ; ff_d:dff_7|Q ; ff_d:dff_6|Q ; 0.500        ; 1.784      ; 1.860      ;
; 0.967 ; ff_d:dff_7|Q ; ff_d:dff_7|Q ; ff_d:dff_7|Q ; ff_d:dff_6|Q ; 1.000        ; 1.784      ; 1.860      ;
+-------+--------------+--------------+--------------+--------------+--------------+------------+------------+


+------------------------------------------------------------------------------------------------------------+
; Setup: 'ff_d:dff_0|Q'                                                                                      ;
+-------+--------------+--------------+--------------+--------------+--------------+------------+------------+
; Slack ; From Node    ; To Node      ; Launch Clock ; Latch Clock  ; Relationship ; Clock Skew ; Data Delay ;
+-------+--------------+--------------+--------------+--------------+--------------+------------+------------+
; 0.469 ; ff_d:dff_1|Q ; ff_d:dff_1|Q ; ff_d:dff_1|Q ; ff_d:dff_0|Q ; 0.500        ; 1.786      ; 1.860      ;
; 0.969 ; ff_d:dff_1|Q ; ff_d:dff_1|Q ; ff_d:dff_1|Q ; ff_d:dff_0|Q ; 1.000        ; 1.786      ; 1.860      ;
+-------+--------------+--------------+--------------+--------------+--------------+------------+------------+


+----------------------------------------------------------------------------------------------------------------+
; Setup: 'ff_d:dff_11|Q'                                                                                         ;
+-------+---------------+---------------+---------------+---------------+--------------+------------+------------+
; Slack ; From Node     ; To Node       ; Launch Clock  ; Latch Clock   ; Relationship ; Clock Skew ; Data Delay ;
+-------+---------------+---------------+---------------+---------------+--------------+------------+------------+
; 0.808 ; ff_d:dff_12|Q ; ff_d:dff_12|Q ; ff_d:dff_12|Q ; ff_d:dff_11|Q ; 0.500        ; 2.144      ; 1.879      ;
; 1.308 ; ff_d:dff_12|Q ; ff_d:dff_12|Q ; ff_d:dff_12|Q ; ff_d:dff_11|Q ; 1.000        ; 2.144      ; 1.879      ;
+-------+---------------+---------------+---------------+---------------+--------------+------------+------------+


+---------------------------------------------------------------------------------------------------------------+
; Setup: 'ff_d:dff_9|Q'                                                                                         ;
+-------+---------------+---------------+---------------+--------------+--------------+------------+------------+
; Slack ; From Node     ; To Node       ; Launch Clock  ; Latch Clock  ; Relationship ; Clock Skew ; Data Delay ;
+-------+---------------+---------------+---------------+--------------+--------------+------------+------------+
; 0.808 ; ff_d:dff_10|Q ; ff_d:dff_10|Q ; ff_d:dff_10|Q ; ff_d:dff_9|Q ; 0.500        ; 2.144      ; 1.879      ;
; 1.308 ; ff_d:dff_10|Q ; ff_d:dff_10|Q ; ff_d:dff_10|Q ; ff_d:dff_9|Q ; 1.000        ; 2.144      ; 1.879      ;
+-------+---------------+---------------+---------------+--------------+--------------+------------+------------+


+----------------------------------------------------------------------------------------------------------------+
; Setup: 'ff_d:dff_21|Q'                                                                                         ;
+-------+---------------+---------------+---------------+---------------+--------------+------------+------------+
; Slack ; From Node     ; To Node       ; Launch Clock  ; Latch Clock   ; Relationship ; Clock Skew ; Data Delay ;
+-------+---------------+---------------+---------------+---------------+--------------+------------+------------+
; 0.810 ; ff_d:dff_22|Q ; ff_d:dff_22|Q ; ff_d:dff_22|Q ; ff_d:dff_21|Q ; 0.500        ; 2.154      ; 1.887      ;
; 1.310 ; ff_d:dff_22|Q ; ff_d:dff_22|Q ; ff_d:dff_22|Q ; ff_d:dff_21|Q ; 1.000        ; 2.154      ; 1.887      ;
+-------+---------------+---------------+---------------+---------------+--------------+------------+------------+


+----------------------------------------------------------------------------------------------------------------+
; Setup: 'ff_d:dff_19|Q'                                                                                         ;
+-------+---------------+---------------+---------------+---------------+--------------+------------+------------+
; Slack ; From Node     ; To Node       ; Launch Clock  ; Latch Clock   ; Relationship ; Clock Skew ; Data Delay ;
+-------+---------------+---------------+---------------+---------------+--------------+------------+------------+
; 0.825 ; ff_d:dff_20|Q ; ff_d:dff_20|Q ; ff_d:dff_20|Q ; ff_d:dff_19|Q ; 0.500        ; 2.160      ; 1.878      ;
; 1.325 ; ff_d:dff_20|Q ; ff_d:dff_20|Q ; ff_d:dff_20|Q ; ff_d:dff_19|Q ; 1.000        ; 2.160      ; 1.878      ;
+-------+---------------+---------------+---------------+---------------+--------------+------------+------------+


+------------------------------------------------------------------------------------------------------------+
; Setup: 'ff_d:dff_5|Q'                                                                                      ;
+-------+--------------+--------------+--------------+--------------+--------------+------------+------------+
; Slack ; From Node    ; To Node      ; Launch Clock ; Latch Clock  ; Relationship ; Clock Skew ; Data Delay ;
+-------+--------------+--------------+--------------+--------------+--------------+------------+------------+
; 0.828 ; ff_d:dff_6|Q ; ff_d:dff_6|Q ; ff_d:dff_6|Q ; ff_d:dff_5|Q ; 0.500        ; 2.164      ; 1.879      ;
; 1.328 ; ff_d:dff_6|Q ; ff_d:dff_6|Q ; ff_d:dff_6|Q ; ff_d:dff_5|Q ; 1.000        ; 2.164      ; 1.879      ;
+-------+--------------+--------------+--------------+--------------+--------------+------------+------------+


+------------------------------------------------------------------------------------------------------------+
; Setup: 'ff_d:dff_3|Q'                                                                                      ;
+-------+--------------+--------------+--------------+--------------+--------------+------------+------------+
; Slack ; From Node    ; To Node      ; Launch Clock ; Latch Clock  ; Relationship ; Clock Skew ; Data Delay ;
+-------+--------------+--------------+--------------+--------------+--------------+------------+------------+
; 0.833 ; ff_d:dff_4|Q ; ff_d:dff_4|Q ; ff_d:dff_4|Q ; ff_d:dff_3|Q ; 0.500        ; 2.169      ; 1.879      ;
; 1.333 ; ff_d:dff_4|Q ; ff_d:dff_4|Q ; ff_d:dff_4|Q ; ff_d:dff_3|Q ; 1.000        ; 2.169      ; 1.879      ;
+-------+--------------+--------------+--------------+--------------+--------------+------------+------------+


+----------------------------------------------------------------------------------------------------------------+
; Setup: 'ff_d:dff_15|Q'                                                                                         ;
+-------+---------------+---------------+---------------+---------------+--------------+------------+------------+
; Slack ; From Node     ; To Node       ; Launch Clock  ; Latch Clock   ; Relationship ; Clock Skew ; Data Delay ;
+-------+---------------+---------------+---------------+---------------+--------------+------------+------------+
; 0.852 ; ff_d:dff_16|Q ; ff_d:dff_16|Q ; ff_d:dff_16|Q ; ff_d:dff_15|Q ; 0.500        ; 2.187      ; 1.878      ;
; 1.352 ; ff_d:dff_16|Q ; ff_d:dff_16|Q ; ff_d:dff_16|Q ; ff_d:dff_15|Q ; 1.000        ; 2.187      ; 1.878      ;
+-------+---------------+---------------+---------------+---------------+--------------+------------+------------+


+----------------------------------------------------------------------------------------------------------------+
; Setup: 'ff_d:dff_13|Q'                                                                                         ;
+-------+---------------+---------------+---------------+---------------+--------------+------------+------------+
; Slack ; From Node     ; To Node       ; Launch Clock  ; Latch Clock   ; Relationship ; Clock Skew ; Data Delay ;
+-------+---------------+---------------+---------------+---------------+--------------+------------+------------+
; 1.173 ; ff_d:dff_14|Q ; ff_d:dff_14|Q ; ff_d:dff_14|Q ; ff_d:dff_13|Q ; 0.500        ; 2.768      ; 2.138      ;
; 1.673 ; ff_d:dff_14|Q ; ff_d:dff_14|Q ; ff_d:dff_14|Q ; ff_d:dff_13|Q ; 1.000        ; 2.768      ; 2.138      ;
+-------+---------------+---------------+---------------+---------------+--------------+------------+------------+


+------------------------------------------------------------------------------------------------------------+
; Setup: 'ff_d:dff_1|Q'                                                                                      ;
+-------+--------------+--------------+--------------+--------------+--------------+------------+------------+
; Slack ; From Node    ; To Node      ; Launch Clock ; Latch Clock  ; Relationship ; Clock Skew ; Data Delay ;
+-------+--------------+--------------+--------------+--------------+--------------+------------+------------+
; 1.311 ; ff_d:dff_2|Q ; ff_d:dff_2|Q ; ff_d:dff_2|Q ; ff_d:dff_1|Q ; 0.500        ; 2.906      ; 2.138      ;
; 1.811 ; ff_d:dff_2|Q ; ff_d:dff_2|Q ; ff_d:dff_2|Q ; ff_d:dff_1|Q ; 1.000        ; 2.906      ; 2.138      ;
+-------+--------------+--------------+--------------+--------------+--------------+------------+------------+


+------------------------------------------------------------------------------------------------------------+
; Setup: 'ff_d:dff_7|Q'                                                                                      ;
+-------+--------------+--------------+--------------+--------------+--------------+------------+------------+
; Slack ; From Node    ; To Node      ; Launch Clock ; Latch Clock  ; Relationship ; Clock Skew ; Data Delay ;
+-------+--------------+--------------+--------------+--------------+--------------+------------+------------+
; 1.377 ; ff_d:dff_8|Q ; ff_d:dff_8|Q ; ff_d:dff_8|Q ; ff_d:dff_7|Q ; 0.500        ; 2.972      ; 2.138      ;
; 1.877 ; ff_d:dff_8|Q ; ff_d:dff_8|Q ; ff_d:dff_8|Q ; ff_d:dff_7|Q ; 1.000        ; 2.972      ; 2.138      ;
+-------+--------------+--------------+--------------+--------------+--------------+------------+------------+


+----------------------------------------------------------------------------------------------------------------+
; Setup: 'ff_d:dff_23|Q'                                                                                         ;
+-------+---------------+---------------+---------------+---------------+--------------+------------+------------+
; Slack ; From Node     ; To Node       ; Launch Clock  ; Latch Clock   ; Relationship ; Clock Skew ; Data Delay ;
+-------+---------------+---------------+---------------+---------------+--------------+------------+------------+
; 1.405 ; ff_d:dff_24|Q ; ff_d:dff_24|Q ; ff_d:dff_24|Q ; ff_d:dff_23|Q ; 0.500        ; 3.000      ; 2.138      ;
; 1.905 ; ff_d:dff_24|Q ; ff_d:dff_24|Q ; ff_d:dff_24|Q ; ff_d:dff_23|Q ; 1.000        ; 3.000      ; 2.138      ;
+-------+---------------+---------------+---------------+---------------+--------------+------------+------------+


+-----------------------------------------------------------------------------------------------------------+
; Setup: 'clk'                                                                                              ;
+-------+--------------+--------------+--------------+-------------+--------------+------------+------------+
; Slack ; From Node    ; To Node      ; Launch Clock ; Latch Clock ; Relationship ; Clock Skew ; Data Delay ;
+-------+--------------+--------------+--------------+-------------+--------------+------------+------------+
; 1.648 ; ff_d:dff_0|Q ; ff_d:dff_0|Q ; ff_d:dff_0|Q ; clk         ; 0.500        ; 3.242      ; 2.137      ;
; 2.148 ; ff_d:dff_0|Q ; ff_d:dff_0|Q ; ff_d:dff_0|Q ; clk         ; 1.000        ; 3.242      ; 2.137      ;
+-------+--------------+--------------+--------------+-------------+--------------+------------+------------+


+----------------------------------------------------------------------------------------------------------------+
; Setup: 'ff_d:dff_17|Q'                                                                                         ;
+-------+---------------+---------------+---------------+---------------+--------------+------------+------------+
; Slack ; From Node     ; To Node       ; Launch Clock  ; Latch Clock   ; Relationship ; Clock Skew ; Data Delay ;
+-------+---------------+---------------+---------------+---------------+--------------+------------+------------+
; 1.777 ; ff_d:dff_18|Q ; ff_d:dff_18|Q ; ff_d:dff_18|Q ; ff_d:dff_17|Q ; 0.500        ; 3.372      ; 2.138      ;
; 2.277 ; ff_d:dff_18|Q ; ff_d:dff_18|Q ; ff_d:dff_18|Q ; ff_d:dff_17|Q ; 1.000        ; 3.372      ; 2.138      ;
+-------+---------------+---------------+---------------+---------------+--------------+------------+------------+


+-----------------------------------------------------------------------------------------------------------------+
; Hold: 'ff_d:dff_17|Q'                                                                                           ;
+--------+---------------+---------------+---------------+---------------+--------------+------------+------------+
; Slack  ; From Node     ; To Node       ; Launch Clock  ; Latch Clock   ; Relationship ; Clock Skew ; Data Delay ;
+--------+---------------+---------------+---------------+---------------+--------------+------------+------------+
; -1.831 ; ff_d:dff_18|Q ; ff_d:dff_18|Q ; ff_d:dff_18|Q ; ff_d:dff_17|Q ; 0.000        ; 3.372      ; 2.138      ;
; -1.331 ; ff_d:dff_18|Q ; ff_d:dff_18|Q ; ff_d:dff_18|Q ; ff_d:dff_17|Q ; -0.500       ; 3.372      ; 2.138      ;
+--------+---------------+---------------+---------------+---------------+--------------+------------+------------+


+------------------------------------------------------------------------------------------------------------+
; Hold: 'clk'                                                                                                ;
+--------+--------------+--------------+--------------+-------------+--------------+------------+------------+
; Slack  ; From Node    ; To Node      ; Launch Clock ; Latch Clock ; Relationship ; Clock Skew ; Data Delay ;
+--------+--------------+--------------+--------------+-------------+--------------+------------+------------+
; -1.702 ; ff_d:dff_0|Q ; ff_d:dff_0|Q ; ff_d:dff_0|Q ; clk         ; 0.000        ; 3.242      ; 2.137      ;
; -1.202 ; ff_d:dff_0|Q ; ff_d:dff_0|Q ; ff_d:dff_0|Q ; clk         ; -0.500       ; 3.242      ; 2.137      ;
+--------+--------------+--------------+--------------+-------------+--------------+------------+------------+


+-----------------------------------------------------------------------------------------------------------------+
; Hold: 'ff_d:dff_23|Q'                                                                                           ;
+--------+---------------+---------------+---------------+---------------+--------------+------------+------------+
; Slack  ; From Node     ; To Node       ; Launch Clock  ; Latch Clock   ; Relationship ; Clock Skew ; Data Delay ;
+--------+---------------+---------------+---------------+---------------+--------------+------------+------------+
; -1.459 ; ff_d:dff_24|Q ; ff_d:dff_24|Q ; ff_d:dff_24|Q ; ff_d:dff_23|Q ; 0.000        ; 3.000      ; 2.138      ;
; -0.959 ; ff_d:dff_24|Q ; ff_d:dff_24|Q ; ff_d:dff_24|Q ; ff_d:dff_23|Q ; -0.500       ; 3.000      ; 2.138      ;
+--------+---------------+---------------+---------------+---------------+--------------+------------+------------+


+-------------------------------------------------------------------------------------------------------------+
; Hold: 'ff_d:dff_7|Q'                                                                                        ;
+--------+--------------+--------------+--------------+--------------+--------------+------------+------------+
; Slack  ; From Node    ; To Node      ; Launch Clock ; Latch Clock  ; Relationship ; Clock Skew ; Data Delay ;
+--------+--------------+--------------+--------------+--------------+--------------+------------+------------+
; -1.431 ; ff_d:dff_8|Q ; ff_d:dff_8|Q ; ff_d:dff_8|Q ; ff_d:dff_7|Q ; 0.000        ; 2.972      ; 2.138      ;
; -0.931 ; ff_d:dff_8|Q ; ff_d:dff_8|Q ; ff_d:dff_8|Q ; ff_d:dff_7|Q ; -0.500       ; 2.972      ; 2.138      ;
+--------+--------------+--------------+--------------+--------------+--------------+------------+------------+


+-------------------------------------------------------------------------------------------------------------+
; Hold: 'ff_d:dff_1|Q'                                                                                        ;
+--------+--------------+--------------+--------------+--------------+--------------+------------+------------+
; Slack  ; From Node    ; To Node      ; Launch Clock ; Latch Clock  ; Relationship ; Clock Skew ; Data Delay ;
+--------+--------------+--------------+--------------+--------------+--------------+------------+------------+
; -1.365 ; ff_d:dff_2|Q ; ff_d:dff_2|Q ; ff_d:dff_2|Q ; ff_d:dff_1|Q ; 0.000        ; 2.906      ; 2.138      ;
; -0.865 ; ff_d:dff_2|Q ; ff_d:dff_2|Q ; ff_d:dff_2|Q ; ff_d:dff_1|Q ; -0.500       ; 2.906      ; 2.138      ;
+--------+--------------+--------------+--------------+--------------+--------------+------------+------------+


+-----------------------------------------------------------------------------------------------------------------+
; Hold: 'ff_d:dff_13|Q'                                                                                           ;
+--------+---------------+---------------+---------------+---------------+--------------+------------+------------+
; Slack  ; From Node     ; To Node       ; Launch Clock  ; Latch Clock   ; Relationship ; Clock Skew ; Data Delay ;
+--------+---------------+---------------+---------------+---------------+--------------+------------+------------+
; -1.227 ; ff_d:dff_14|Q ; ff_d:dff_14|Q ; ff_d:dff_14|Q ; ff_d:dff_13|Q ; 0.000        ; 2.768      ; 2.138      ;
; -0.727 ; ff_d:dff_14|Q ; ff_d:dff_14|Q ; ff_d:dff_14|Q ; ff_d:dff_13|Q ; -0.500       ; 2.768      ; 2.138      ;
+--------+---------------+---------------+---------------+---------------+--------------+------------+------------+


+-----------------------------------------------------------------------------------------------------------------+
; Hold: 'ff_d:dff_15|Q'                                                                                           ;
+--------+---------------+---------------+---------------+---------------+--------------+------------+------------+
; Slack  ; From Node     ; To Node       ; Launch Clock  ; Latch Clock   ; Relationship ; Clock Skew ; Data Delay ;
+--------+---------------+---------------+---------------+---------------+--------------+------------+------------+
; -0.906 ; ff_d:dff_16|Q ; ff_d:dff_16|Q ; ff_d:dff_16|Q ; ff_d:dff_15|Q ; 0.000        ; 2.187      ; 1.878      ;
; -0.406 ; ff_d:dff_16|Q ; ff_d:dff_16|Q ; ff_d:dff_16|Q ; ff_d:dff_15|Q ; -0.500       ; 2.187      ; 1.878      ;
+--------+---------------+---------------+---------------+---------------+--------------+------------+------------+


+-------------------------------------------------------------------------------------------------------------+
; Hold: 'ff_d:dff_3|Q'                                                                                        ;
+--------+--------------+--------------+--------------+--------------+--------------+------------+------------+
; Slack  ; From Node    ; To Node      ; Launch Clock ; Latch Clock  ; Relationship ; Clock Skew ; Data Delay ;
+--------+--------------+--------------+--------------+--------------+--------------+------------+------------+
; -0.887 ; ff_d:dff_4|Q ; ff_d:dff_4|Q ; ff_d:dff_4|Q ; ff_d:dff_3|Q ; 0.000        ; 2.169      ; 1.879      ;
; -0.387 ; ff_d:dff_4|Q ; ff_d:dff_4|Q ; ff_d:dff_4|Q ; ff_d:dff_3|Q ; -0.500       ; 2.169      ; 1.879      ;
+--------+--------------+--------------+--------------+--------------+--------------+------------+------------+


+-------------------------------------------------------------------------------------------------------------+
; Hold: 'ff_d:dff_5|Q'                                                                                        ;
+--------+--------------+--------------+--------------+--------------+--------------+------------+------------+
; Slack  ; From Node    ; To Node      ; Launch Clock ; Latch Clock  ; Relationship ; Clock Skew ; Data Delay ;
+--------+--------------+--------------+--------------+--------------+--------------+------------+------------+
; -0.882 ; ff_d:dff_6|Q ; ff_d:dff_6|Q ; ff_d:dff_6|Q ; ff_d:dff_5|Q ; 0.000        ; 2.164      ; 1.879      ;
; -0.382 ; ff_d:dff_6|Q ; ff_d:dff_6|Q ; ff_d:dff_6|Q ; ff_d:dff_5|Q ; -0.500       ; 2.164      ; 1.879      ;
+--------+--------------+--------------+--------------+--------------+--------------+------------+------------+


+-----------------------------------------------------------------------------------------------------------------+
; Hold: 'ff_d:dff_19|Q'                                                                                           ;
+--------+---------------+---------------+---------------+---------------+--------------+------------+------------+
; Slack  ; From Node     ; To Node       ; Launch Clock  ; Latch Clock   ; Relationship ; Clock Skew ; Data Delay ;
+--------+---------------+---------------+---------------+---------------+--------------+------------+------------+
; -0.879 ; ff_d:dff_20|Q ; ff_d:dff_20|Q ; ff_d:dff_20|Q ; ff_d:dff_19|Q ; 0.000        ; 2.160      ; 1.878      ;
; -0.379 ; ff_d:dff_20|Q ; ff_d:dff_20|Q ; ff_d:dff_20|Q ; ff_d:dff_19|Q ; -0.500       ; 2.160      ; 1.878      ;
+--------+---------------+---------------+---------------+---------------+--------------+------------+------------+


+-----------------------------------------------------------------------------------------------------------------+
; Hold: 'ff_d:dff_21|Q'                                                                                           ;
+--------+---------------+---------------+---------------+---------------+--------------+------------+------------+
; Slack  ; From Node     ; To Node       ; Launch Clock  ; Latch Clock   ; Relationship ; Clock Skew ; Data Delay ;
+--------+---------------+---------------+---------------+---------------+--------------+------------+------------+
; -0.864 ; ff_d:dff_22|Q ; ff_d:dff_22|Q ; ff_d:dff_22|Q ; ff_d:dff_21|Q ; 0.000        ; 2.154      ; 1.887      ;
; -0.364 ; ff_d:dff_22|Q ; ff_d:dff_22|Q ; ff_d:dff_22|Q ; ff_d:dff_21|Q ; -0.500       ; 2.154      ; 1.887      ;
+--------+---------------+---------------+---------------+---------------+--------------+------------+------------+


+-----------------------------------------------------------------------------------------------------------------+
; Hold: 'ff_d:dff_11|Q'                                                                                           ;
+--------+---------------+---------------+---------------+---------------+--------------+------------+------------+
; Slack  ; From Node     ; To Node       ; Launch Clock  ; Latch Clock   ; Relationship ; Clock Skew ; Data Delay ;
+--------+---------------+---------------+---------------+---------------+--------------+------------+------------+
; -0.862 ; ff_d:dff_12|Q ; ff_d:dff_12|Q ; ff_d:dff_12|Q ; ff_d:dff_11|Q ; 0.000        ; 2.144      ; 1.879      ;
; -0.362 ; ff_d:dff_12|Q ; ff_d:dff_12|Q ; ff_d:dff_12|Q ; ff_d:dff_11|Q ; -0.500       ; 2.144      ; 1.879      ;
+--------+---------------+---------------+---------------+---------------+--------------+------------+------------+


+----------------------------------------------------------------------------------------------------------------+
; Hold: 'ff_d:dff_9|Q'                                                                                           ;
+--------+---------------+---------------+---------------+--------------+--------------+------------+------------+
; Slack  ; From Node     ; To Node       ; Launch Clock  ; Latch Clock  ; Relationship ; Clock Skew ; Data Delay ;
+--------+---------------+---------------+---------------+--------------+--------------+------------+------------+
; -0.862 ; ff_d:dff_10|Q ; ff_d:dff_10|Q ; ff_d:dff_10|Q ; ff_d:dff_9|Q ; 0.000        ; 2.144      ; 1.879      ;
; -0.362 ; ff_d:dff_10|Q ; ff_d:dff_10|Q ; ff_d:dff_10|Q ; ff_d:dff_9|Q ; -0.500       ; 2.144      ; 1.879      ;
+--------+---------------+---------------+---------------+--------------+--------------+------------+------------+


+-------------------------------------------------------------------------------------------------------------+
; Hold: 'ff_d:dff_0|Q'                                                                                        ;
+--------+--------------+--------------+--------------+--------------+--------------+------------+------------+
; Slack  ; From Node    ; To Node      ; Launch Clock ; Latch Clock  ; Relationship ; Clock Skew ; Data Delay ;
+--------+--------------+--------------+--------------+--------------+--------------+------------+------------+
; -0.523 ; ff_d:dff_1|Q ; ff_d:dff_1|Q ; ff_d:dff_1|Q ; ff_d:dff_0|Q ; 0.000        ; 1.786      ; 1.860      ;
; -0.023 ; ff_d:dff_1|Q ; ff_d:dff_1|Q ; ff_d:dff_1|Q ; ff_d:dff_0|Q ; -0.500       ; 1.786      ; 1.860      ;
+--------+--------------+--------------+--------------+--------------+--------------+------------+------------+


+-----------------------------------------------------------------------------------------------------------------+
; Hold: 'ff_d:dff_10|Q'                                                                                           ;
+--------+---------------+---------------+---------------+---------------+--------------+------------+------------+
; Slack  ; From Node     ; To Node       ; Launch Clock  ; Latch Clock   ; Relationship ; Clock Skew ; Data Delay ;
+--------+---------------+---------------+---------------+---------------+--------------+------------+------------+
; -0.521 ; ff_d:dff_11|Q ; ff_d:dff_11|Q ; ff_d:dff_11|Q ; ff_d:dff_10|Q ; 0.000        ; 1.784      ; 1.860      ;
; -0.021 ; ff_d:dff_11|Q ; ff_d:dff_11|Q ; ff_d:dff_11|Q ; ff_d:dff_10|Q ; -0.500       ; 1.784      ; 1.860      ;
+--------+---------------+---------------+---------------+---------------+--------------+------------+------------+


+-----------------------------------------------------------------------------------------------------------------+
; Hold: 'ff_d:dff_12|Q'                                                                                           ;
+--------+---------------+---------------+---------------+---------------+--------------+------------+------------+
; Slack  ; From Node     ; To Node       ; Launch Clock  ; Latch Clock   ; Relationship ; Clock Skew ; Data Delay ;
+--------+---------------+---------------+---------------+---------------+--------------+------------+------------+
; -0.521 ; ff_d:dff_13|Q ; ff_d:dff_13|Q ; ff_d:dff_13|Q ; ff_d:dff_12|Q ; 0.000        ; 1.784      ; 1.860      ;
; -0.021 ; ff_d:dff_13|Q ; ff_d:dff_13|Q ; ff_d:dff_13|Q ; ff_d:dff_12|Q ; -0.500       ; 1.784      ; 1.860      ;
+--------+---------------+---------------+---------------+---------------+--------------+------------+------------+


+-----------------------------------------------------------------------------------------------------------------+
; Hold: 'ff_d:dff_16|Q'                                                                                           ;
+--------+---------------+---------------+---------------+---------------+--------------+------------+------------+
; Slack  ; From Node     ; To Node       ; Launch Clock  ; Latch Clock   ; Relationship ; Clock Skew ; Data Delay ;
+--------+---------------+---------------+---------------+---------------+--------------+------------+------------+
; -0.521 ; ff_d:dff_17|Q ; ff_d:dff_17|Q ; ff_d:dff_17|Q ; ff_d:dff_16|Q ; 0.000        ; 1.785      ; 1.861      ;
; -0.021 ; ff_d:dff_17|Q ; ff_d:dff_17|Q ; ff_d:dff_17|Q ; ff_d:dff_16|Q ; -0.500       ; 1.785      ; 1.861      ;
+--------+---------------+---------------+---------------+---------------+--------------+------------+------------+


+-----------------------------------------------------------------------------------------------------------------+
; Hold: 'ff_d:dff_20|Q'                                                                                           ;
+--------+---------------+---------------+---------------+---------------+--------------+------------+------------+
; Slack  ; From Node     ; To Node       ; Launch Clock  ; Latch Clock   ; Relationship ; Clock Skew ; Data Delay ;
+--------+---------------+---------------+---------------+---------------+--------------+------------+------------+
; -0.521 ; ff_d:dff_21|Q ; ff_d:dff_21|Q ; ff_d:dff_21|Q ; ff_d:dff_20|Q ; 0.000        ; 1.785      ; 1.861      ;
; -0.021 ; ff_d:dff_21|Q ; ff_d:dff_21|Q ; ff_d:dff_21|Q ; ff_d:dff_20|Q ; -0.500       ; 1.785      ; 1.861      ;
+--------+---------------+---------------+---------------+---------------+--------------+------------+------------+


+-------------------------------------------------------------------------------------------------------------+
; Hold: 'ff_d:dff_4|Q'                                                                                        ;
+--------+--------------+--------------+--------------+--------------+--------------+------------+------------+
; Slack  ; From Node    ; To Node      ; Launch Clock ; Latch Clock  ; Relationship ; Clock Skew ; Data Delay ;
+--------+--------------+--------------+--------------+--------------+--------------+------------+------------+
; -0.521 ; ff_d:dff_5|Q ; ff_d:dff_5|Q ; ff_d:dff_5|Q ; ff_d:dff_4|Q ; 0.000        ; 1.784      ; 1.860      ;
; -0.021 ; ff_d:dff_5|Q ; ff_d:dff_5|Q ; ff_d:dff_5|Q ; ff_d:dff_4|Q ; -0.500       ; 1.784      ; 1.860      ;
+--------+--------------+--------------+--------------+--------------+--------------+------------+------------+


+-------------------------------------------------------------------------------------------------------------+
; Hold: 'ff_d:dff_6|Q'                                                                                        ;
+--------+--------------+--------------+--------------+--------------+--------------+------------+------------+
; Slack  ; From Node    ; To Node      ; Launch Clock ; Latch Clock  ; Relationship ; Clock Skew ; Data Delay ;
+--------+--------------+--------------+--------------+--------------+--------------+------------+------------+
; -0.521 ; ff_d:dff_7|Q ; ff_d:dff_7|Q ; ff_d:dff_7|Q ; ff_d:dff_6|Q ; 0.000        ; 1.784      ; 1.860      ;
; -0.021 ; ff_d:dff_7|Q ; ff_d:dff_7|Q ; ff_d:dff_7|Q ; ff_d:dff_6|Q ; -0.500       ; 1.784      ; 1.860      ;
+--------+--------------+--------------+--------------+--------------+--------------+------------+------------+


+-----------------------------------------------------------------------------------------------------------------+
; Hold: 'ff_d:dff_14|Q'                                                                                           ;
+--------+---------------+---------------+---------------+---------------+--------------+------------+------------+
; Slack  ; From Node     ; To Node       ; Launch Clock  ; Latch Clock   ; Relationship ; Clock Skew ; Data Delay ;
+--------+---------------+---------------+---------------+---------------+--------------+------------+------------+
; -0.520 ; ff_d:dff_15|Q ; ff_d:dff_15|Q ; ff_d:dff_15|Q ; ff_d:dff_14|Q ; 0.000        ; 1.784      ; 1.861      ;
; -0.020 ; ff_d:dff_15|Q ; ff_d:dff_15|Q ; ff_d:dff_15|Q ; ff_d:dff_14|Q ; -0.500       ; 1.784      ; 1.861      ;
+--------+---------------+---------------+---------------+---------------+--------------+------------+------------+


+-----------------------------------------------------------------------------------------------------------------+
; Hold: 'ff_d:dff_18|Q'                                                                                           ;
+--------+---------------+---------------+---------------+---------------+--------------+------------+------------+
; Slack  ; From Node     ; To Node       ; Launch Clock  ; Latch Clock   ; Relationship ; Clock Skew ; Data Delay ;
+--------+---------------+---------------+---------------+---------------+--------------+------------+------------+
; -0.520 ; ff_d:dff_19|Q ; ff_d:dff_19|Q ; ff_d:dff_19|Q ; ff_d:dff_18|Q ; 0.000        ; 1.784      ; 1.861      ;
; -0.020 ; ff_d:dff_19|Q ; ff_d:dff_19|Q ; ff_d:dff_19|Q ; ff_d:dff_18|Q ; -0.500       ; 1.784      ; 1.861      ;
+--------+---------------+---------------+---------------+---------------+--------------+------------+------------+


+-------------------------------------------------------------------------------------------------------------+
; Hold: 'ff_d:dff_2|Q'                                                                                        ;
+--------+--------------+--------------+--------------+--------------+--------------+------------+------------+
; Slack  ; From Node    ; To Node      ; Launch Clock ; Latch Clock  ; Relationship ; Clock Skew ; Data Delay ;
+--------+--------------+--------------+--------------+--------------+--------------+------------+------------+
; -0.520 ; ff_d:dff_3|Q ; ff_d:dff_3|Q ; ff_d:dff_3|Q ; ff_d:dff_2|Q ; 0.000        ; 1.784      ; 1.861      ;
; -0.020 ; ff_d:dff_3|Q ; ff_d:dff_3|Q ; ff_d:dff_3|Q ; ff_d:dff_2|Q ; -0.500       ; 1.784      ; 1.861      ;
+--------+--------------+--------------+--------------+--------------+--------------+------------+------------+


+-------------------------------------------------------------------------------------------------------------+
; Hold: 'ff_d:dff_8|Q'                                                                                        ;
+--------+--------------+--------------+--------------+--------------+--------------+------------+------------+
; Slack  ; From Node    ; To Node      ; Launch Clock ; Latch Clock  ; Relationship ; Clock Skew ; Data Delay ;
+--------+--------------+--------------+--------------+--------------+--------------+------------+------------+
; -0.520 ; ff_d:dff_9|Q ; ff_d:dff_9|Q ; ff_d:dff_9|Q ; ff_d:dff_8|Q ; 0.000        ; 1.784      ; 1.861      ;
; -0.020 ; ff_d:dff_9|Q ; ff_d:dff_9|Q ; ff_d:dff_9|Q ; ff_d:dff_8|Q ; -0.500       ; 1.784      ; 1.861      ;
+--------+--------------+--------------+--------------+--------------+--------------+------------+------------+


+-----------------------------------------------------------------------------------------------------------------+
; Hold: 'ff_d:dff_22|Q'                                                                                           ;
+--------+---------------+---------------+---------------+---------------+--------------+------------+------------+
; Slack  ; From Node     ; To Node       ; Launch Clock  ; Latch Clock   ; Relationship ; Clock Skew ; Data Delay ;
+--------+---------------+---------------+---------------+---------------+--------------+------------+------------+
; -0.511 ; ff_d:dff_23|Q ; ff_d:dff_23|Q ; ff_d:dff_23|Q ; ff_d:dff_22|Q ; 0.000        ; 1.793      ; 1.879      ;
; -0.011 ; ff_d:dff_23|Q ; ff_d:dff_23|Q ; ff_d:dff_23|Q ; ff_d:dff_22|Q ; -0.500       ; 1.793      ; 1.879      ;
+--------+---------------+---------------+---------------+---------------+--------------+------------+------------+


+----------------------------------------------------------------------------------------------------------------+
; Hold: 'ff_d:dff_24|Q'                                                                                          ;
+-------+---------------+---------------+---------------+---------------+--------------+------------+------------+
; Slack ; From Node     ; To Node       ; Launch Clock  ; Latch Clock   ; Relationship ; Clock Skew ; Data Delay ;
+-------+---------------+---------------+---------------+---------------+--------------+------------+------------+
; 1.640 ; ff_d:dff_25|Q ; ff_d:dff_25|Q ; ff_d:dff_24|Q ; ff_d:dff_24|Q ; 0.000        ; 0.000      ; 1.861      ;
+-------+---------------+---------------+---------------+---------------+--------------+------------+------------+


+---------------------------------------------------------------------------+
; Setup Transfers                                                           ;
+---------------+---------------+----------+----------+----------+----------+
; From Clock    ; To Clock      ; RR Paths ; FR Paths ; RF Paths ; FF Paths ;
+---------------+---------------+----------+----------+----------+----------+
; ff_d:dff_0|Q  ; clk           ; 1        ; 1        ; 0        ; 0        ;
; ff_d:dff_1|Q  ; ff_d:dff_0|Q  ; 1        ; 1        ; 0        ; 0        ;
; ff_d:dff_2|Q  ; ff_d:dff_1|Q  ; 1        ; 1        ; 0        ; 0        ;
; ff_d:dff_3|Q  ; ff_d:dff_2|Q  ; 1        ; 1        ; 0        ; 0        ;
; ff_d:dff_4|Q  ; ff_d:dff_3|Q  ; 1        ; 1        ; 0        ; 0        ;
; ff_d:dff_5|Q  ; ff_d:dff_4|Q  ; 1        ; 1        ; 0        ; 0        ;
; ff_d:dff_6|Q  ; ff_d:dff_5|Q  ; 1        ; 1        ; 0        ; 0        ;
; ff_d:dff_7|Q  ; ff_d:dff_6|Q  ; 1        ; 1        ; 0        ; 0        ;
; ff_d:dff_8|Q  ; ff_d:dff_7|Q  ; 1        ; 1        ; 0        ; 0        ;
; ff_d:dff_9|Q  ; ff_d:dff_8|Q  ; 1        ; 1        ; 0        ; 0        ;
; ff_d:dff_10|Q ; ff_d:dff_9|Q  ; 1        ; 1        ; 0        ; 0        ;
; ff_d:dff_11|Q ; ff_d:dff_10|Q ; 1        ; 1        ; 0        ; 0        ;
; ff_d:dff_12|Q ; ff_d:dff_11|Q ; 1        ; 1        ; 0        ; 0        ;
; ff_d:dff_13|Q ; ff_d:dff_12|Q ; 1        ; 1        ; 0        ; 0        ;
; ff_d:dff_14|Q ; ff_d:dff_13|Q ; 1        ; 1        ; 0        ; 0        ;
; ff_d:dff_15|Q ; ff_d:dff_14|Q ; 1        ; 1        ; 0        ; 0        ;
; ff_d:dff_16|Q ; ff_d:dff_15|Q ; 1        ; 1        ; 0        ; 0        ;
; ff_d:dff_17|Q ; ff_d:dff_16|Q ; 1        ; 1        ; 0        ; 0        ;
; ff_d:dff_18|Q ; ff_d:dff_17|Q ; 1        ; 1        ; 0        ; 0        ;
; ff_d:dff_19|Q ; ff_d:dff_18|Q ; 1        ; 1        ; 0        ; 0        ;
; ff_d:dff_20|Q ; ff_d:dff_19|Q ; 1        ; 1        ; 0        ; 0        ;
; ff_d:dff_21|Q ; ff_d:dff_20|Q ; 1        ; 1        ; 0        ; 0        ;
; ff_d:dff_22|Q ; ff_d:dff_21|Q ; 1        ; 1        ; 0        ; 0        ;
; ff_d:dff_23|Q ; ff_d:dff_22|Q ; 1        ; 1        ; 0        ; 0        ;
; ff_d:dff_24|Q ; ff_d:dff_23|Q ; 1        ; 1        ; 0        ; 0        ;
; ff_d:dff_24|Q ; ff_d:dff_24|Q ; 1        ; 0        ; 0        ; 0        ;
+---------------+---------------+----------+----------+----------+----------+
Entries labeled "false path" only account for clock-to-clock false paths and not path-based false paths. As a result, actual path counts may be lower than reported.


+---------------------------------------------------------------------------+
; Hold Transfers                                                            ;
+---------------+---------------+----------+----------+----------+----------+
; From Clock    ; To Clock      ; RR Paths ; FR Paths ; RF Paths ; FF Paths ;
+---------------+---------------+----------+----------+----------+----------+
; ff_d:dff_0|Q  ; clk           ; 1        ; 1        ; 0        ; 0        ;
; ff_d:dff_1|Q  ; ff_d:dff_0|Q  ; 1        ; 1        ; 0        ; 0        ;
; ff_d:dff_2|Q  ; ff_d:dff_1|Q  ; 1        ; 1        ; 0        ; 0        ;
; ff_d:dff_3|Q  ; ff_d:dff_2|Q  ; 1        ; 1        ; 0        ; 0        ;
; ff_d:dff_4|Q  ; ff_d:dff_3|Q  ; 1        ; 1        ; 0        ; 0        ;
; ff_d:dff_5|Q  ; ff_d:dff_4|Q  ; 1        ; 1        ; 0        ; 0        ;
; ff_d:dff_6|Q  ; ff_d:dff_5|Q  ; 1        ; 1        ; 0        ; 0        ;
; ff_d:dff_7|Q  ; ff_d:dff_6|Q  ; 1        ; 1        ; 0        ; 0        ;
; ff_d:dff_8|Q  ; ff_d:dff_7|Q  ; 1        ; 1        ; 0        ; 0        ;
; ff_d:dff_9|Q  ; ff_d:dff_8|Q  ; 1        ; 1        ; 0        ; 0        ;
; ff_d:dff_10|Q ; ff_d:dff_9|Q  ; 1        ; 1        ; 0        ; 0        ;
; ff_d:dff_11|Q ; ff_d:dff_10|Q ; 1        ; 1        ; 0        ; 0        ;
; ff_d:dff_12|Q ; ff_d:dff_11|Q ; 1        ; 1        ; 0        ; 0        ;
; ff_d:dff_13|Q ; ff_d:dff_12|Q ; 1        ; 1        ; 0        ; 0        ;
; ff_d:dff_14|Q ; ff_d:dff_13|Q ; 1        ; 1        ; 0        ; 0        ;
; ff_d:dff_15|Q ; ff_d:dff_14|Q ; 1        ; 1        ; 0        ; 0        ;
; ff_d:dff_16|Q ; ff_d:dff_15|Q ; 1        ; 1        ; 0        ; 0        ;
; ff_d:dff_17|Q ; ff_d:dff_16|Q ; 1        ; 1        ; 0        ; 0        ;
; ff_d:dff_18|Q ; ff_d:dff_17|Q ; 1        ; 1        ; 0        ; 0        ;
; ff_d:dff_19|Q ; ff_d:dff_18|Q ; 1        ; 1        ; 0        ; 0        ;
; ff_d:dff_20|Q ; ff_d:dff_19|Q ; 1        ; 1        ; 0        ; 0        ;
; ff_d:dff_21|Q ; ff_d:dff_20|Q ; 1        ; 1        ; 0        ; 0        ;
; ff_d:dff_22|Q ; ff_d:dff_21|Q ; 1        ; 1        ; 0        ; 0        ;
; ff_d:dff_23|Q ; ff_d:dff_22|Q ; 1        ; 1        ; 0        ; 0        ;
; ff_d:dff_24|Q ; ff_d:dff_23|Q ; 1        ; 1        ; 0        ; 0        ;
; ff_d:dff_24|Q ; ff_d:dff_24|Q ; 1        ; 0        ; 0        ; 0        ;
+---------------+---------------+----------+----------+----------+----------+
Entries labeled "false path" only account for clock-to-clock false paths and not path-based false paths. As a result, actual path counts may be lower than reported.


---------------
; Report TCCS ;
---------------
No dedicated SERDES Transmitter circuitry present in device or used in design


---------------
; Report RSKM ;
---------------
No non-DPA dedicated SERDES Receiver circuitry present in device or used in design


+------------------------------------------------+
; Unconstrained Paths Summary                    ;
+---------------------------------+-------+------+
; Property                        ; Setup ; Hold ;
+---------------------------------+-------+------+
; Illegal Clocks                  ; 0     ; 0    ;
; Unconstrained Clocks            ; 0     ; 0    ;
; Unconstrained Input Ports       ; 0     ; 0    ;
; Unconstrained Input Port Paths  ; 0     ; 0    ;
; Unconstrained Output Ports      ; 2     ; 2    ;
; Unconstrained Output Port Paths ; 2     ; 2    ;
+---------------------------------+-------+------+


+----------------------------------------------------+
; Clock Status Summary                               ;
+---------------+---------------+------+-------------+
; Target        ; Clock         ; Type ; Status      ;
+---------------+---------------+------+-------------+
; clk           ; clk           ; Base ; Constrained ;
; ff_d:dff_0|Q  ; ff_d:dff_0|Q  ; Base ; Constrained ;
; ff_d:dff_1|Q  ; ff_d:dff_1|Q  ; Base ; Constrained ;
; ff_d:dff_2|Q  ; ff_d:dff_2|Q  ; Base ; Constrained ;
; ff_d:dff_3|Q  ; ff_d:dff_3|Q  ; Base ; Constrained ;
; ff_d:dff_4|Q  ; ff_d:dff_4|Q  ; Base ; Constrained ;
; ff_d:dff_5|Q  ; ff_d:dff_5|Q  ; Base ; Constrained ;
; ff_d:dff_6|Q  ; ff_d:dff_6|Q  ; Base ; Constrained ;
; ff_d:dff_7|Q  ; ff_d:dff_7|Q  ; Base ; Constrained ;
; ff_d:dff_8|Q  ; ff_d:dff_8|Q  ; Base ; Constrained ;
; ff_d:dff_9|Q  ; ff_d:dff_9|Q  ; Base ; Constrained ;
; ff_d:dff_10|Q ; ff_d:dff_10|Q ; Base ; Constrained ;
; ff_d:dff_11|Q ; ff_d:dff_11|Q ; Base ; Constrained ;
; ff_d:dff_12|Q ; ff_d:dff_12|Q ; Base ; Constrained ;
; ff_d:dff_13|Q ; ff_d:dff_13|Q ; Base ; Constrained ;
; ff_d:dff_14|Q ; ff_d:dff_14|Q ; Base ; Constrained ;
; ff_d:dff_15|Q ; ff_d:dff_15|Q ; Base ; Constrained ;
; ff_d:dff_16|Q ; ff_d:dff_16|Q ; Base ; Constrained ;
; ff_d:dff_17|Q ; ff_d:dff_17|Q ; Base ; Constrained ;
; ff_d:dff_18|Q ; ff_d:dff_18|Q ; Base ; Constrained ;
; ff_d:dff_19|Q ; ff_d:dff_19|Q ; Base ; Constrained ;
; ff_d:dff_20|Q ; ff_d:dff_20|Q ; Base ; Constrained ;
; ff_d:dff_21|Q ; ff_d:dff_21|Q ; Base ; Constrained ;
; ff_d:dff_22|Q ; ff_d:dff_22|Q ; Base ; Constrained ;
; ff_d:dff_23|Q ; ff_d:dff_23|Q ; Base ; Constrained ;
; ff_d:dff_24|Q ; ff_d:dff_24|Q ; Base ; Constrained ;
+---------------+---------------+------+-------------+


+-----------------------------------------------------------------------------------------------------+
; Unconstrained Output Ports                                                                          ;
+-------------+---------------------------------------------------------------------------------------+
; Output Port ; Comment                                                                               ;
+-------------+---------------------------------------------------------------------------------------+
; clk7seg     ; No output delay, min/max delays, false-path exceptions, or max skew assignments found ;
; clkLeds     ; No output delay, min/max delays, false-path exceptions, or max skew assignments found ;
+-------------+---------------------------------------------------------------------------------------+


+-----------------------------------------------------------------------------------------------------+
; Unconstrained Output Ports                                                                          ;
+-------------+---------------------------------------------------------------------------------------+
; Output Port ; Comment                                                                               ;
+-------------+---------------------------------------------------------------------------------------+
; clk7seg     ; No output delay, min/max delays, false-path exceptions, or max skew assignments found ;
; clkLeds     ; No output delay, min/max delays, false-path exceptions, or max skew assignments found ;
+-------------+---------------------------------------------------------------------------------------+


+--------------------------+
; Timing Analyzer Messages ;
+--------------------------+
Info: *******************************************************************
Info: Running Quartus Prime Timing Analyzer
    Info: Version 23.1std.0 Build 991 11/28/2023 SC Lite Edition
    Info: Processing started: Wed Jun  5 20:35:02 2024
Info: Command: quartus_sta SistemaDeIrrigacao -c SistemaDeIrrigacao
Info: qsta_default_script.tcl version: #1
Warning (18236): Number of processors has not been specified which may cause overloading on shared machines.  Set the global assignment NUM_PARALLEL_PROCESSORS in your QSF to an appropriate value for best performance.
Info (20030): Parallel compilation is enabled and will use 4 of the 4 processors detected
Info (21077): Low junction temperature is 0 degrees C
Info (21077): High junction temperature is 85 degrees C
Info (334003): Started post-fitting delay annotation
Info (334004): Delay annotation completed successfully
Critical Warning (332012): Synopsys Design Constraints File file not found: 'SistemaDeIrrigacao.sdc'. A Synopsys Design Constraints File is required by the Timing Analyzer to get proper timing constraints. Without it, the Compiler will not properly optimize the design.
Info (332142): No user constrained base clocks found in the design. Calling "derive_clocks -period 1.0"
Info (332105): Deriving Clocks
    Info (332105): create_clock -period 1.000 -name ff_d:dff_24|Q ff_d:dff_24|Q
    Info (332105): create_clock -period 1.000 -name ff_d:dff_14|Q ff_d:dff_14|Q
    Info (332105): create_clock -period 1.000 -name ff_d:dff_23|Q ff_d:dff_23|Q
    Info (332105): create_clock -period 1.000 -name ff_d:dff_13|Q ff_d:dff_13|Q
    Info (332105): create_clock -period 1.000 -name ff_d:dff_22|Q ff_d:dff_22|Q
    Info (332105): create_clock -period 1.000 -name ff_d:dff_12|Q ff_d:dff_12|Q
    Info (332105): create_clock -period 1.000 -name ff_d:dff_21|Q ff_d:dff_21|Q
    Info (332105): create_clock -period 1.000 -name ff_d:dff_11|Q ff_d:dff_11|Q
    Info (332105): create_clock -period 1.000 -name ff_d:dff_20|Q ff_d:dff_20|Q
    Info (332105): create_clock -period 1.000 -name ff_d:dff_10|Q ff_d:dff_10|Q
    Info (332105): create_clock -period 1.000 -name ff_d:dff_19|Q ff_d:dff_19|Q
    Info (332105): create_clock -period 1.000 -name ff_d:dff_9|Q ff_d:dff_9|Q
    Info (332105): create_clock -period 1.000 -name ff_d:dff_18|Q ff_d:dff_18|Q
    Info (332105): create_clock -period 1.000 -name ff_d:dff_8|Q ff_d:dff_8|Q
    Info (332105): create_clock -period 1.000 -name ff_d:dff_17|Q ff_d:dff_17|Q
    Info (332105): create_clock -period 1.000 -name ff_d:dff_7|Q ff_d:dff_7|Q
    Info (332105): create_clock -period 1.000 -name ff_d:dff_16|Q ff_d:dff_16|Q
    Info (332105): create_clock -period 1.000 -name ff_d:dff_6|Q ff_d:dff_6|Q
    Info (332105): create_clock -period 1.000 -name ff_d:dff_15|Q ff_d:dff_15|Q
    Info (332105): create_clock -period 1.000 -name ff_d:dff_5|Q ff_d:dff_5|Q
    Info (332105): create_clock -period 1.000 -name ff_d:dff_4|Q ff_d:dff_4|Q
    Info (332105): create_clock -period 1.000 -name ff_d:dff_3|Q ff_d:dff_3|Q
    Info (332105): create_clock -period 1.000 -name ff_d:dff_2|Q ff_d:dff_2|Q
    Info (332105): create_clock -period 1.000 -name ff_d:dff_1|Q ff_d:dff_1|Q
    Info (332105): create_clock -period 1.000 -name ff_d:dff_0|Q ff_d:dff_0|Q
    Info (332105): create_clock -period 1.000 -name clk clk
Info: Found TIMING_ANALYZER_REPORT_SCRIPT_INCLUDE_DEFAULT_ANALYSIS = ON
Info: Can't run Report Timing Closure Recommendations. The current device family is not supported.
Critical Warning (332148): Timing requirements not met
Info (332146): Worst-case setup slack is -1.194
    Info (332119):     Slack       End Point TNS Clock 
    Info (332119): ========= =================== =====================
    Info (332119):    -1.194              -1.194 ff_d:dff_24|Q 
    Info (332119):     0.457               0.000 ff_d:dff_22|Q 
    Info (332119):     0.466               0.000 ff_d:dff_14|Q 
    Info (332119):     0.466               0.000 ff_d:dff_18|Q 
    Info (332119):     0.466               0.000 ff_d:dff_2|Q 
    Info (332119):     0.466               0.000 ff_d:dff_8|Q 
    Info (332119):     0.467               0.000 ff_d:dff_10|Q 
    Info (332119):     0.467               0.000 ff_d:dff_12|Q 
    Info (332119):     0.467               0.000 ff_d:dff_16|Q 
    Info (332119):     0.467               0.000 ff_d:dff_20|Q 
    Info (332119):     0.467               0.000 ff_d:dff_4|Q 
    Info (332119):     0.467               0.000 ff_d:dff_6|Q 
    Info (332119):     0.469               0.000 ff_d:dff_0|Q 
    Info (332119):     0.808               0.000 ff_d:dff_11|Q 
    Info (332119):     0.808               0.000 ff_d:dff_9|Q 
    Info (332119):     0.810               0.000 ff_d:dff_21|Q 
    Info (332119):     0.825               0.000 ff_d:dff_19|Q 
    Info (332119):     0.828               0.000 ff_d:dff_5|Q 
    Info (332119):     0.833               0.000 ff_d:dff_3|Q 
    Info (332119):     0.852               0.000 ff_d:dff_15|Q 
    Info (332119):     1.173               0.000 ff_d:dff_13|Q 
    Info (332119):     1.311               0.000 ff_d:dff_1|Q 
    Info (332119):     1.377               0.000 ff_d:dff_7|Q 
    Info (332119):     1.405               0.000 ff_d:dff_23|Q 
    Info (332119):     1.648               0.000 clk 
    Info (332119):     1.777               0.000 ff_d:dff_17|Q 
Info (332146): Worst-case hold slack is -1.831
    Info (332119):     Slack       End Point TNS Clock 
    Info (332119): ========= =================== =====================
    Info (332119):    -1.831              -1.831 ff_d:dff_17|Q 
    Info (332119):    -1.702              -1.702 clk 
    Info (332119):    -1.459              -1.459 ff_d:dff_23|Q 
    Info (332119):    -1.431              -1.431 ff_d:dff_7|Q 
    Info (332119):    -1.365              -1.365 ff_d:dff_1|Q 
    Info (332119):    -1.227              -1.227 ff_d:dff_13|Q 
    Info (332119):    -0.906              -0.906 ff_d:dff_15|Q 
    Info (332119):    -0.887              -0.887 ff_d:dff_3|Q 
    Info (332119):    -0.882              -0.882 ff_d:dff_5|Q 
    Info (332119):    -0.879              -0.879 ff_d:dff_19|Q 
    Info (332119):    -0.864              -0.864 ff_d:dff_21|Q 
    Info (332119):    -0.862              -0.862 ff_d:dff_11|Q 
    Info (332119):    -0.862              -0.862 ff_d:dff_9|Q 
    Info (332119):    -0.523              -0.523 ff_d:dff_0|Q 
    Info (332119):    -0.521              -0.521 ff_d:dff_10|Q 
    Info (332119):    -0.521              -0.521 ff_d:dff_12|Q 
    Info (332119):    -0.521              -0.521 ff_d:dff_16|Q 
    Info (332119):    -0.521              -0.521 ff_d:dff_20|Q 
    Info (332119):    -0.521              -0.521 ff_d:dff_4|Q 
    Info (332119):    -0.521              -0.521 ff_d:dff_6|Q 
    Info (332119):    -0.520              -0.520 ff_d:dff_14|Q 
    Info (332119):    -0.520              -0.520 ff_d:dff_18|Q 
    Info (332119):    -0.520              -0.520 ff_d:dff_2|Q 
    Info (332119):    -0.520              -0.520 ff_d:dff_8|Q 
    Info (332119):    -0.511              -0.511 ff_d:dff_22|Q 
    Info (332119):     1.640               0.000 ff_d:dff_24|Q 
Info (332140): No Recovery paths to report
Info (332140): No Removal paths to report
Info (332146): Worst-case minimum pulse width slack is -2.289
    Info (332119):     Slack       End Point TNS Clock 
    Info (332119): ========= =================== =====================
    Info (332119):    -2.289              -2.289 clk 
    Info (332119):     0.234               0.000 ff_d:dff_0|Q 
    Info (332119):     0.234               0.000 ff_d:dff_10|Q 
    Info (332119):     0.234               0.000 ff_d:dff_11|Q 
    Info (332119):     0.234               0.000 ff_d:dff_12|Q 
    Info (332119):     0.234               0.000 ff_d:dff_13|Q 
    Info (332119):     0.234               0.000 ff_d:dff_14|Q 
    Info (332119):     0.234               0.000 ff_d:dff_15|Q 
    Info (332119):     0.234               0.000 ff_d:dff_16|Q 
    Info (332119):     0.234               0.000 ff_d:dff_17|Q 
    Info (332119):     0.234               0.000 ff_d:dff_18|Q 
    Info (332119):     0.234               0.000 ff_d:dff_19|Q 
    Info (332119):     0.234               0.000 ff_d:dff_1|Q 
    Info (332119):     0.234               0.000 ff_d:dff_20|Q 
    Info (332119):     0.234               0.000 ff_d:dff_21|Q 
    Info (332119):     0.234               0.000 ff_d:dff_22|Q 
    Info (332119):     0.234               0.000 ff_d:dff_23|Q 
    Info (332119):     0.234               0.000 ff_d:dff_24|Q 
    Info (332119):     0.234               0.000 ff_d:dff_2|Q 
    Info (332119):     0.234               0.000 ff_d:dff_3|Q 
    Info (332119):     0.234               0.000 ff_d:dff_4|Q 
    Info (332119):     0.234               0.000 ff_d:dff_5|Q 
    Info (332119):     0.234               0.000 ff_d:dff_6|Q 
    Info (332119):     0.234               0.000 ff_d:dff_7|Q 
    Info (332119):     0.234               0.000 ff_d:dff_8|Q 
    Info (332119):     0.234               0.000 ff_d:dff_9|Q 
Info (332001): The selected device family is not supported by the report_metastability command.
Info (332102): Design is not fully constrained for setup requirements
Info (332102): Design is not fully constrained for hold requirements
Info: Quartus Prime Timing Analyzer was successful. 0 errors, 3 warnings
    Info: Peak virtual memory: 4691 megabytes
    Info: Processing ended: Wed Jun  5 20:35:03 2024
    Info: Elapsed time: 00:00:01
    Info: Total CPU time (on all processors): 00:00:01


